2026-01-06 11:23:56.819 | INFO     | __main__:main:312 - Writing outputs to /home/wjk/workplace/nq/ano-rag/result_relrag/e1_main_qwen/run_20251225_063718/mirage_sample_200/relrag_no_structure/llm_default/budget_4096/full
2026-01-06 11:24:55.806 | INFO     | __main__:main:401 - Processing Q0: What is John Mayne's occupation?
2026-01-06 11:24:58.048 | INFO     | __main__:main:401 - Processing Q1: What is Kathy Saltzman's occupation?
2026-01-06 11:24:59.115 | INFO     | __main__:main:401 - Processing Q2: What is Eleanor Davis's occupation?
2026-01-06 11:25:00.170 | INFO     | __main__:main:401 - Processing Q3: What is William Murray, 1st Earl of Mansfield's occupation?
2026-01-06 11:25:01.909 | INFO     | __main__:main:401 - Processing Q4: What is Þorsteinn Bachmann's occupation?
2026-01-06 11:25:02.948 | INFO     | __main__:main:401 - Processing Q5: What is Jacob Kraemer's occupation?
2026-01-06 11:25:05.906 | INFO     | __main__:main:401 - Processing Q6: What is Bae Geu-rin's occupation?
2026-01-06 11:25:10.869 | INFO     | __main__:main:401 - Processing Q7: What is John Floyd's occupation?
2026-01-06 11:25:12.373 | INFO     | __main__:main:401 - Processing Q8: What is Sachiko Kokubu's occupation?
2026-01-06 11:25:14.824 | INFO     | __main__:main:401 - Processing Q9: What is Akari Hayami's occupation?
2026-01-06 11:25:16.327 | INFO     | __main__:main:401 - Processing Q10: What is Paris's occupation?
2026-01-06 11:25:18.938 | INFO     | __main__:main:401 - Processing Q11: What is Fairfax M. Cone's occupation?
2026-01-06 11:25:21.850 | INFO     | __main__:main:401 - Processing Q12: What is Albert Bates's occupation?
2026-01-06 11:25:24.502 | INFO     | __main__:main:401 - Processing Q13: What is Heath's occupation?
2026-01-06 11:25:26.426 | INFO     | __main__:main:401 - Processing Q14: What is Yoshiki Tonogai's occupation?
2026-01-06 11:25:28.981 | INFO     | __main__:main:401 - Processing Q15: What is Thomas R. Whitney's occupation?
2026-01-06 11:25:32.638 | INFO     | __main__:main:401 - Processing Q16: What is Edwin Wallock's occupation?
2026-01-06 11:25:35.455 | INFO     | __main__:main:401 - Processing Q17: What is Tsutomu Seki's occupation?
2026-01-06 11:25:38.593 | INFO     | __main__:main:401 - Processing Q18: What is Matthew McKay's occupation?
2026-01-06 11:25:40.489 | INFO     | __main__:main:401 - Processing Q19: What is Dominick Bellizzi's occupation?
2026-01-06 11:25:42.228 | INFO     | __main__:main:401 - Processing Q20: What is Brendan Canty's occupation?
2026-01-06 11:25:44.903 | INFO     | __main__:main:401 - Processing Q21: What is María Elena Marqués's occupation?
2026-01-06 11:25:46.043 | INFO     | __main__:main:401 - Processing Q22: What is Patrick O'Brien Demsey's occupation?
2026-01-06 11:25:47.021 | INFO     | __main__:main:401 - Processing Q23: What is Boutheina Jabnoun's occupation?
2026-01-06 11:25:49.256 | INFO     | __main__:main:401 - Processing Q24: What is Modou Dia's occupation?
2026-01-06 11:25:51.371 | INFO     | __main__:main:401 - Processing Q25: What is Glenn Albrecht's occupation?
2026-01-06 11:25:53.908 | INFO     | __main__:main:401 - Processing Q26: What is Tobias Lindholm's occupation?
2026-01-06 11:25:55.151 | INFO     | __main__:main:401 - Processing Q27: What is Ingrid Martinez's occupation?
2026-01-06 11:25:57.267 | INFO     | __main__:main:401 - Processing Q28: What is Tolis Voskopoulos's occupation?
2026-01-06 11:25:59.466 | INFO     | __main__:main:401 - Processing Q29: What is Marco Ameglio's occupation?
2026-01-06 11:26:01.639 | INFO     | __main__:main:401 - Processing Q30: What is Mohd Sharkar Shamsudin's occupation?
2026-01-06 11:26:02.680 | INFO     | __main__:main:401 - Processing Q31: What is Anthony Sharp's occupation?
2026-01-06 11:26:03.381 | INFO     | __main__:main:401 - Processing Q32: What is Claire Berlinski's occupation?
2026-01-06 11:26:04.539 | INFO     | __main__:main:401 - Processing Q33: What is Russell Stokes's occupation?
2026-01-06 11:26:06.371 | INFO     | __main__:main:401 - Processing Q34: What is C. E. Webber's occupation?
2026-01-06 11:26:08.804 | INFO     | __main__:main:401 - Processing Q35: What is Muhammad Ali Luqman's occupation?
2026-01-06 11:26:12.425 | INFO     | __main__:main:401 - Processing Q36: What is Ivo Perilli's occupation?
2026-01-06 11:26:15.214 | INFO     | __main__:main:401 - Processing Q37: What is Joseph Weydemeyer's occupation?
2026-01-06 11:26:17.948 | INFO     | __main__:main:401 - Processing Q38: What is Ai's occupation?
2026-01-06 11:26:21.626 | INFO     | __main__:main:401 - Processing Q39: What is Rinaldo del Mel's occupation?
2026-01-06 11:26:24.033 | INFO     | __main__:main:401 - Processing Q40: What is Annie Beustes's occupation?
2026-01-06 11:26:26.802 | INFO     | __main__:main:401 - Processing Q41: What is Elisa Bridges's occupation?
2026-01-06 11:26:27.794 | INFO     | __main__:main:401 - Processing Q42: What is Domingo Eyzaguirre's occupation?
2026-01-06 11:26:29.137 | INFO     | __main__:main:401 - Processing Q43: What is Suzanne Lilar's occupation?
2026-01-06 11:26:31.269 | INFO     | __main__:main:401 - Processing Q44: What is Karen Redman's occupation?
2026-01-06 11:26:33.273 | INFO     | __main__:main:401 - Processing Q45: What is Eduard Looijenga's occupation?
2026-01-06 11:26:34.380 | INFO     | __main__:main:401 - Processing Q46: What is Petrus Camper's occupation?
2026-01-06 11:26:37.525 | INFO     | __main__:main:401 - Processing Q47: What is Jacopo Melani's occupation?
2026-01-06 11:26:38.448 | INFO     | __main__:main:401 - Processing Q48: What is Charlotte von Hagn's occupation?
2026-01-06 11:26:39.462 | INFO     | __main__:main:401 - Processing Q49: What is Michael Hutchings's occupation?
2026-01-06 11:26:42.219 | INFO     | __main__:main:401 - Processing Q50: What is James Alex Msekela's occupation?
2026-01-06 11:26:43.688 | INFO     | __main__:main:401 - Processing Q51: What is Hiroyuki Arai's occupation?
2026-01-06 11:26:45.225 | INFO     | __main__:main:401 - Processing Q52: What is Melinda Mullins's occupation?
2026-01-06 11:26:47.989 | INFO     | __main__:main:401 - Processing Q53: What is Meyer Lutz's occupation?
2026-01-06 11:26:49.123 | INFO     | __main__:main:401 - Processing Q54: What is Ludwig Lichtschein's occupation?
2026-01-06 11:26:51.173 | INFO     | __main__:main:401 - Processing Q55: What is Władysław Sławny's occupation?
2026-01-06 11:26:56.172 | INFO     | __main__:main:401 - Processing Q56: What is Johnson's occupation?
2026-01-06 11:26:58.701 | INFO     | __main__:main:401 - Processing Q57: What is Walter Köbel's occupation?
2026-01-06 11:27:00.810 | INFO     | __main__:main:401 - Processing Q58: What is Debbie Johnson's occupation?
2026-01-06 11:27:02.673 | INFO     | __main__:main:401 - Processing Q59: What is Kekko Fornarelli's occupation?
2026-01-06 11:27:04.080 | INFO     | __main__:main:401 - Processing Q60: What is Adil Shamoo's occupation?
2026-01-06 11:27:07.005 | INFO     | __main__:main:401 - Processing Q61: What is Patrick Mulvany's occupation?
2026-01-06 11:27:07.493 | INFO     | __main__:main:401 - Processing Q62: What is Gerard Kennedy's occupation?
2026-01-06 11:27:09.550 | INFO     | __main__:main:401 - Processing Q63: What is Giora Godik's occupation?
2026-01-06 11:27:11.686 | INFO     | __main__:main:401 - Processing Q64: What is Lillian Lawrence's occupation?
2026-01-06 11:27:12.677 | INFO     | __main__:main:401 - Processing Q65: What is Philip Rosenberg's occupation?
2026-01-06 11:27:13.875 | INFO     | __main__:main:401 - Processing Q66: What is Mariana Vicente's occupation?
2026-01-06 11:27:16.596 | INFO     | __main__:main:401 - Processing Q67: What is Huntington Wilson's occupation?
2026-01-06 11:27:19.146 | INFO     | __main__:main:401 - Processing Q68: What is Bala's occupation?
2026-01-06 11:27:20.679 | INFO     | __main__:main:401 - Processing Q69: What is Steve Tom's occupation?
2026-01-06 11:27:23.338 | INFO     | __main__:main:401 - Processing Q70: What is Ilja Rosendahl's occupation?
2026-01-06 11:27:25.852 | INFO     | __main__:main:401 - Processing Q71: What is Thanasis Pafilis's occupation?
2026-01-06 11:27:28.076 | INFO     | __main__:main:401 - Processing Q72: What is Christopher Butson's occupation?
2026-01-06 11:27:30.186 | INFO     | __main__:main:401 - Processing Q73: What is Hate Man's occupation?
2026-01-06 11:27:32.184 | INFO     | __main__:main:401 - Processing Q74: What is Rich Brightman's occupation?
2026-01-06 11:27:33.222 | INFO     | __main__:main:401 - Processing Q75: What is Edward Norton's occupation?
2026-01-06 11:27:34.921 | INFO     | __main__:main:401 - Processing Q76: What is Jonathan Le Billon's occupation?
2026-01-06 11:27:35.845 | INFO     | __main__:main:401 - Processing Q77: What is Eliza Lawrence's occupation?
2026-01-06 11:27:37.643 | INFO     | __main__:main:401 - Processing Q78: What is Charles Combe's occupation?
2026-01-06 11:27:38.953 | INFO     | __main__:main:401 - Processing Q79: What is GQ's occupation?
2026-01-06 11:27:39.826 | INFO     | __main__:main:401 - Processing Q80: What is John D. Maurice's occupation?
2026-01-06 11:27:41.869 | INFO     | __main__:main:401 - Processing Q81: What is Harvey Benge's occupation?
2026-01-06 11:27:44.582 | INFO     | __main__:main:401 - Processing Q82: What is Alan Huckle's occupation?
2026-01-06 11:27:47.265 | INFO     | __main__:main:401 - Processing Q83: What is Sylwester Braun's occupation?
2026-01-06 11:27:49.590 | INFO     | __main__:main:401 - Processing Q84: What is Jack Mackenzie's occupation?
2026-01-06 11:27:53.145 | INFO     | __main__:main:401 - Processing Q85: What is Ernst Theodor Echtermeyer's occupation?
2026-01-06 11:27:55.840 | INFO     | __main__:main:401 - Processing Q86: What is Felicia Chateloin's occupation?
2026-01-06 11:27:57.603 | INFO     | __main__:main:401 - Processing Q87: What is Bedřich Feigl's occupation?
2026-01-06 11:28:00.627 | INFO     | __main__:main:401 - Processing Q88: What is Björn Böhning's occupation?
2026-01-06 11:28:02.755 | INFO     | __main__:main:401 - Processing Q89: What is Stanley Peiris's occupation?
2026-01-06 11:28:03.952 | INFO     | __main__:main:401 - Processing Q90: What is J. Da Silva's occupation?
2026-01-06 11:28:05.353 | INFO     | __main__:main:401 - Processing Q91: What is Carsten Carlsen's occupation?
2026-01-06 11:28:07.178 | INFO     | __main__:main:401 - Processing Q92: What is Shiva Nageswara Rao's occupation?
2026-01-06 11:28:08.497 | INFO     | __main__:main:401 - Processing Q93: What is Fritz Goos's occupation?
2026-01-06 11:28:10.207 | INFO     | __main__:main:401 - Processing Q94: What is Alexander Gadolin's occupation?
2026-01-06 11:28:10.763 | INFO     | __main__:main:401 - Processing Q95: What is Kamya Panjabi's occupation?
2026-01-06 11:28:11.958 | INFO     | __main__:main:401 - Processing Q96: What is John Strange's occupation?
2026-01-06 11:28:13.029 | INFO     | __main__:main:401 - Processing Q97: What is Everley Gregg's occupation?
2026-01-06 11:28:15.265 | INFO     | __main__:main:401 - Processing Q98: What is Meg McCall's occupation?
2026-01-06 11:28:17.289 | INFO     | __main__:main:401 - Processing Q99: What is Todd Verow's occupation?
2026-01-06 11:28:19.409 | INFO     | __main__:main:401 - Processing Q100: What is Kyaw Swe's occupation?
2026-01-06 11:28:20.596 | INFO     | __main__:main:401 - Processing Q101: What is Edwin H. Knopf's occupation?
2026-01-06 11:28:22.216 | INFO     | __main__:main:401 - Processing Q102: What is Tatiana Doronina's occupation?
2026-01-06 11:28:23.296 | INFO     | __main__:main:401 - Processing Q103: What is Marina Baker's occupation?
2026-01-06 11:28:25.373 | INFO     | __main__:main:401 - Processing Q104: What is Giuseppe Demachi's occupation?
2026-01-06 11:28:26.495 | INFO     | __main__:main:401 - Processing Q105: What is Atsushi Kaneko's occupation?
2026-01-06 11:28:29.474 | INFO     | __main__:main:401 - Processing Q106: What is Richard Faith's occupation?
2026-01-06 11:28:32.618 | INFO     | __main__:main:401 - Processing Q107: What is E. David Redwine's occupation?
2026-01-06 11:28:35.202 | INFO     | __main__:main:401 - Processing Q108: What is Chiara Zanni's occupation?
2026-01-06 11:28:37.893 | INFO     | __main__:main:401 - Processing Q109: What is P. J. Moloney's occupation?
2026-01-06 11:28:40.370 | INFO     | __main__:main:401 - Processing Q110: What is Andreas Rüdiger's occupation?
2026-01-06 11:28:43.069 | INFO     | __main__:main:401 - Processing Q111: What is Guillem Ramon de Gironella's occupation?
2026-01-06 11:28:45.419 | INFO     | __main__:main:401 - Processing Q112: What is Dima Grigoriev's occupation?
2026-01-06 11:28:47.404 | INFO     | __main__:main:401 - Processing Q113: What is Paddy Mullins's occupation?
2026-01-06 11:28:49.501 | INFO     | __main__:main:401 - Processing Q114: What is Alan Mauritz Swanson's occupation?
2026-01-06 11:28:51.835 | INFO     | __main__:main:401 - Processing Q115: What is Harvey William Burk's occupation?
2026-01-06 11:28:54.681 | INFO     | __main__:main:401 - Processing Q116: What is Richard Sandrak's occupation?
2026-01-06 11:28:57.305 | INFO     | __main__:main:401 - Processing Q117: What is Jim Boyd's occupation?
2026-01-06 11:28:59.719 | INFO     | __main__:main:401 - Processing Q118: What is Nosrat Karimi's occupation?
2026-01-06 11:29:01.812 | INFO     | __main__:main:401 - Processing Q119: What is Jörg A. Eggers's occupation?
2026-01-06 11:29:04.127 | INFO     | __main__:main:401 - Processing Q120: What is Duilio Forte's occupation?
2026-01-06 11:29:07.845 | INFO     | __main__:main:401 - Processing Q121: What is Giovanni Grasso's occupation?
2026-01-06 11:29:08.928 | INFO     | __main__:main:401 - Processing Q122: What is Adam Darr's occupation?
2026-01-06 11:29:10.685 | INFO     | __main__:main:401 - Processing Q123: What is Paul Lieber's occupation?
2026-01-06 11:29:14.019 | INFO     | __main__:main:401 - Processing Q124: What is Keiko Aizawa's occupation?
2026-01-06 11:29:16.836 | INFO     | __main__:main:401 - Processing Q125: What is Petros Efthymiou's occupation?
2026-01-06 11:29:18.744 | INFO     | __main__:main:401 - Processing Q126: What is Isobel Pravda's occupation?
2026-01-06 11:29:19.646 | INFO     | __main__:main:401 - Processing Q127: What is Seungri's occupation?
2026-01-06 11:29:21.628 | INFO     | __main__:main:401 - Processing Q128: What is DM Sevilla's occupation?
2026-01-06 11:29:23.139 | INFO     | __main__:main:401 - Processing Q129: What is Carlo Giustini's occupation?
2026-01-06 11:29:24.213 | INFO     | __main__:main:401 - Processing Q130: What is Hugo Becker's occupation?
2026-01-06 11:29:25.723 | INFO     | __main__:main:401 - Processing Q131: What is Per Risvik's occupation?
2026-01-06 11:29:27.836 | INFO     | __main__:main:401 - Processing Q132: What is Eleanor Yule's occupation?
2026-01-06 11:29:29.855 | INFO     | __main__:main:401 - Processing Q133: What is Claire Adams's occupation?
2026-01-06 11:29:32.424 | INFO     | __main__:main:401 - Processing Q134: What is Lothrop Stoddard's occupation?
2026-01-06 11:29:34.403 | INFO     | __main__:main:401 - Processing Q135: What is Chris Lang's occupation?
2026-01-06 11:29:36.269 | INFO     | __main__:main:401 - Processing Q136: What is Pamela Winslow's occupation?
2026-01-06 11:29:38.338 | INFO     | __main__:main:401 - Processing Q137: What is Zoran Rankić's occupation?
2026-01-06 11:29:41.116 | INFO     | __main__:main:401 - Processing Q138: What is George Minor's occupation?
2026-01-06 11:29:43.068 | INFO     | __main__:main:401 - Processing Q139: What is Anjali Sudhakar's occupation?
2026-01-06 11:29:46.251 | INFO     | __main__:main:401 - Processing Q140: What is Jean Gabriel Marie's occupation?
2026-01-06 11:29:48.967 | INFO     | __main__:main:401 - Processing Q141: What is George Birnie Esslemont's occupation?
2026-01-06 11:29:52.502 | INFO     | __main__:main:401 - Processing Q142: What is Ajay Kumar Parida's occupation?
2026-01-06 11:29:53.488 | INFO     | __main__:main:401 - Processing Q143: What is A. Lawrence Kocher's occupation?
2026-01-06 11:29:56.269 | INFO     | __main__:main:401 - Processing Q144: What is John Andrew Martin's occupation?
2026-01-06 11:29:58.456 | INFO     | __main__:main:401 - Processing Q145: What is Maurice Le Boucher's occupation?
2026-01-06 11:30:01.222 | INFO     | __main__:main:401 - Processing Q146: What is Martin Shapiro's occupation?
2026-01-06 11:30:05.077 | INFO     | __main__:main:401 - Processing Q147: What is Lewis J. Rachmil's occupation?
2026-01-06 11:30:07.353 | INFO     | __main__:main:401 - Processing Q148: What is René Bégin's occupation?
2026-01-06 11:30:10.606 | INFO     | __main__:main:401 - Processing Q149: What is Louis O'Dea's occupation?
2026-01-06 11:30:12.716 | INFO     | __main__:main:401 - Processing Q150: What is Guo Gengmao's occupation?
2026-01-06 11:30:14.694 | INFO     | __main__:main:401 - Processing Q151: What is Jacques Monasch's occupation?
2026-01-06 11:30:17.531 | INFO     | __main__:main:401 - Processing Q152: What is Robert Antoine's occupation?
2026-01-06 11:30:20.192 | INFO     | __main__:main:401 - Processing Q153: What is Howard Fowles's occupation?
2026-01-06 11:30:22.974 | INFO     | __main__:main:401 - Processing Q154: What is Đurđa Ivezić's occupation?
2026-01-06 11:30:24.985 | INFO     | __main__:main:401 - Processing Q155: What is Jeet Ganguly's occupation?
2026-01-06 11:30:26.572 | INFO     | __main__:main:401 - Processing Q156: What is Akimasa Nakamura's occupation?
2026-01-06 11:30:29.638 | INFO     | __main__:main:401 - Processing Q157: What is Jean-Marie-Victor Viel's occupation?
2026-01-06 11:30:32.184 | INFO     | __main__:main:401 - Processing Q158: What is Eckart von Hirschhausen's occupation?
2026-01-06 11:30:34.600 | INFO     | __main__:main:401 - Processing Q159: What is Val McLane's occupation?
2026-01-06 11:30:36.652 | INFO     | __main__:main:401 - Processing Q160: What is Edwin N. Hubbell's occupation?
2026-01-06 11:30:38.504 | INFO     | __main__:main:401 - Processing Q161: What is Mariví Bilbao's occupation?
2026-01-06 11:30:40.984 | INFO     | __main__:main:401 - Processing Q162: What is Dick Rude's occupation?
2026-01-06 11:30:41.908 | INFO     | __main__:main:401 - Processing Q163: What is Harding of Bristol's occupation?
2026-01-06 11:30:43.612 | INFO     | __main__:main:401 - Processing Q164: What is Gina Krog's occupation?
2026-01-06 11:30:46.495 | INFO     | __main__:main:401 - Processing Q165: What is Petr Mlsna's occupation?
2026-01-06 11:30:49.242 | INFO     | __main__:main:401 - Processing Q166: What is Neville Ashenheim's occupation?
2026-01-06 11:30:50.808 | INFO     | __main__:main:401 - Processing Q167: What is Lorena Corona Valdés's occupation?
2026-01-06 11:30:51.900 | INFO     | __main__:main:401 - Processing Q168: What is Honor Harger's occupation?
2026-01-06 11:30:53.817 | INFO     | __main__:main:401 - Processing Q169: What is Clement Baker's occupation?
2026-01-06 11:30:57.097 | INFO     | __main__:main:401 - Processing Q170: What is Alleppey Vincent's occupation?
2026-01-06 11:30:58.571 | INFO     | __main__:main:401 - Processing Q171: In what city was Belarmino Mario Chipongue born?
2026-01-06 11:31:00.532 | INFO     | __main__:main:401 - Processing Q172: In what city was Raju Kaji Shakya born?
2026-01-06 11:31:01.744 | INFO     | __main__:main:401 - Processing Q173: In what city was Alastair Heathcote born?
2026-01-06 11:31:04.299 | INFO     | __main__:main:401 - Processing Q174: In what city was William Marshall Craig born?
2026-01-06 11:31:05.992 | INFO     | __main__:main:401 - Processing Q175: In what city was Philipp Crone born?
2026-01-06 11:31:08.456 | INFO     | __main__:main:401 - Processing Q176: In what city was Danie Mellor born?
2026-01-06 11:31:09.590 | INFO     | __main__:main:401 - Processing Q177: In what city was Endre Bálint born?
2026-01-06 11:31:11.357 | INFO     | __main__:main:401 - Processing Q178: In what city was Aleksandr Nekrasov born?
2026-01-06 11:31:14.399 | INFO     | __main__:main:401 - Processing Q179: In what city was Charles Joseph Bonaparte born?
2026-01-06 11:31:15.439 | INFO     | __main__:main:401 - Processing Q180: In what city was Louis François Antoine Arbogast born?
2026-01-06 11:31:16.560 | INFO     | __main__:main:401 - Processing Q181: In what city was Austin Cuvillier born?
2026-01-06 11:31:17.931 | INFO     | __main__:main:401 - Processing Q182: In what city was Bert Myers born?
2026-01-06 11:31:19.854 | INFO     | __main__:main:401 - Processing Q183: In what city was Scott Fraser born?
2026-01-06 11:31:20.718 | INFO     | __main__:main:401 - Processing Q184: In what city was Giuseppe Castelli born?
2026-01-06 11:31:23.048 | INFO     | __main__:main:401 - Processing Q185: In what city was Jacob Duck born?
2026-01-06 11:31:26.129 | INFO     | __main__:main:401 - Processing Q186: In what city was Parnelli Jones born?
2026-01-06 11:31:27.388 | INFO     | __main__:main:401 - Processing Q187: In what city was Fernand Cornez born?
2026-01-06 11:31:29.580 | INFO     | __main__:main:401 - Processing Q188: In what city was Yinka Ayenuwa born?
2026-01-06 11:31:33.309 | INFO     | __main__:main:401 - Processing Q189: In what city was Phil Williams born?
2026-01-06 11:31:34.931 | INFO     | __main__:main:401 - Processing Q190: In what city was James M. Bingham born?
2026-01-06 11:31:37.632 | INFO     | __main__:main:401 - Processing Q191: In what city was Jack Kachkar born?
2026-01-06 11:31:38.704 | INFO     | __main__:main:401 - Processing Q192: In what city was Gustavo Grondona born?
2026-01-06 11:31:41.111 | INFO     | __main__:main:401 - Processing Q193: In what city was Bastien Lecouffe-Deharme born?
2026-01-06 11:31:42.323 | INFO     | __main__:main:401 - Processing Q194: In what city was Betty Francisco born?
2026-01-06 11:31:43.906 | INFO     | __main__:main:401 - Processing Q195: In what city was Hans-Jörg Voigt born?
2026-01-06 11:31:46.278 | INFO     | __main__:main:401 - Processing Q196: In what city was Charlie Davis born?
2026-01-06 11:31:48.432 | INFO     | __main__:main:401 - Processing Q197: In what city was Marnus Labuschagne born?
2026-01-06 11:31:49.476 | INFO     | __main__:main:401 - Processing Q198: In what city was Leslie Douglas Jackson born?
2026-01-06 11:31:50.583 | INFO     | __main__:main:401 - Processing Q199: In what city was Ricardo Maliandi born?
2026-01-06 11:31:51.708 | INFO     | __main__:main:474 - Finished. Results saved to /home/wjk/workplace/nq/ano-rag/result_relrag/e1_main_qwen/run_20251225_063718/mirage_sample_200/relrag_no_structure/llm_default/budget_4096/full
