2026-01-06 02:51:01.747 | INFO     | __main__:main:316 - Writing outputs to result_relrag/e1_main_qwen/run_20251225_063718/mirage_sample_200/relrag_full/llm_default/budget_8192/fix_full
2026-01-06 02:51:55.957 | INFO     | __main__:main:405 - Processing Q0: What is John Mayne's occupation?
2026-01-06 02:52:02.067 | INFO     | __main__:main:405 - Processing Q1: What is Kathy Saltzman's occupation?
2026-01-06 02:52:03.563 | INFO     | __main__:main:405 - Processing Q2: What is Eleanor Davis's occupation?
2026-01-06 02:52:04.577 | INFO     | __main__:main:405 - Processing Q3: What is William Murray, 1st Earl of Mansfield's occupation?
2026-01-06 02:52:06.413 | INFO     | __main__:main:405 - Processing Q4: What is Þorsteinn Bachmann's occupation?
2026-01-06 02:52:07.456 | INFO     | __main__:main:405 - Processing Q5: What is Jacob Kraemer's occupation?
2026-01-06 02:52:10.019 | INFO     | __main__:main:405 - Processing Q6: What is Bae Geu-rin's occupation?
2026-01-06 02:52:12.962 | INFO     | __main__:main:405 - Processing Q7: What is John Floyd's occupation?
2026-01-06 02:52:14.436 | INFO     | __main__:main:405 - Processing Q8: What is Sachiko Kokubu's occupation?
2026-01-06 02:52:17.185 | INFO     | __main__:main:405 - Processing Q9: What is Akari Hayami's occupation?
2026-01-06 02:52:18.647 | INFO     | __main__:main:405 - Processing Q10: What is Paris's occupation?
2026-01-06 02:52:20.734 | INFO     | __main__:main:405 - Processing Q11: What is Fairfax M. Cone's occupation?
2026-01-06 02:52:23.874 | INFO     | __main__:main:405 - Processing Q12: What is Albert Bates's occupation?
2026-01-06 02:52:27.055 | INFO     | __main__:main:405 - Processing Q13: What is Heath's occupation?
2026-01-06 02:52:28.985 | INFO     | __main__:main:405 - Processing Q14: What is Yoshiki Tonogai's occupation?
2026-01-06 02:52:30.692 | INFO     | __main__:main:405 - Processing Q15: What is Thomas R. Whitney's occupation?
2026-01-06 02:52:34.207 | INFO     | __main__:main:405 - Processing Q16: What is Edwin Wallock's occupation?
2026-01-06 02:52:36.249 | INFO     | __main__:main:405 - Processing Q17: What is Tsutomu Seki's occupation?
2026-01-06 02:52:37.126 | INFO     | __main__:main:405 - Processing Q18: What is Matthew McKay's occupation?
2026-01-06 02:52:39.006 | INFO     | __main__:main:405 - Processing Q19: What is Dominick Bellizzi's occupation?
2026-01-06 02:52:40.516 | INFO     | __main__:main:405 - Processing Q20: What is Brendan Canty's occupation?
2026-01-06 02:52:43.565 | INFO     | __main__:main:405 - Processing Q21: What is María Elena Marqués's occupation?
2026-01-06 02:52:44.737 | INFO     | __main__:main:405 - Processing Q22: What is Patrick O'Brien Demsey's occupation?
2026-01-06 02:52:45.708 | INFO     | __main__:main:405 - Processing Q23: What is Boutheina Jabnoun's occupation?
2026-01-06 02:52:47.956 | INFO     | __main__:main:405 - Processing Q24: What is Modou Dia's occupation?
2026-01-06 02:52:50.387 | INFO     | __main__:main:405 - Processing Q25: What is Glenn Albrecht's occupation?
2026-01-06 02:52:52.602 | INFO     | __main__:main:405 - Processing Q26: What is Tobias Lindholm's occupation?
2026-01-06 02:52:53.833 | INFO     | __main__:main:405 - Processing Q27: What is Ingrid Martinez's occupation?
2026-01-06 02:52:55.900 | INFO     | __main__:main:405 - Processing Q28: What is Tolis Voskopoulos's occupation?
2026-01-06 02:52:58.081 | INFO     | __main__:main:405 - Processing Q29: What is Marco Ameglio's occupation?
2026-01-06 02:52:59.840 | INFO     | __main__:main:405 - Processing Q30: What is Mohd Sharkar Shamsudin's occupation?
2026-01-06 02:53:00.893 | INFO     | __main__:main:405 - Processing Q31: What is Anthony Sharp's occupation?
2026-01-06 02:53:03.854 | INFO     | __main__:main:405 - Processing Q32: What is Claire Berlinski's occupation?
2026-01-06 02:53:04.926 | INFO     | __main__:main:405 - Processing Q33: What is Russell Stokes's occupation?
2026-01-06 02:53:06.827 | INFO     | __main__:main:405 - Processing Q34: What is C. E. Webber's occupation?
2026-01-06 02:53:09.150 | INFO     | __main__:main:405 - Processing Q35: What is Muhammad Ali Luqman's occupation?
2026-01-06 02:53:10.937 | INFO     | __main__:main:405 - Processing Q36: What is Ivo Perilli's occupation?
2026-01-06 02:53:13.081 | INFO     | __main__:main:405 - Processing Q37: What is Joseph Weydemeyer's occupation?
2026-01-06 02:53:15.726 | INFO     | __main__:main:405 - Processing Q38: What is Ai's occupation?
2026-01-06 02:53:16.696 | INFO     | __main__:main:405 - Processing Q39: What is Rinaldo del Mel's occupation?
2026-01-06 02:53:19.044 | INFO     | __main__:main:405 - Processing Q40: What is Annie Beustes's occupation?
2026-01-06 02:53:20.664 | INFO     | __main__:main:405 - Processing Q41: What is Elisa Bridges's occupation?
2026-01-06 02:53:21.686 | INFO     | __main__:main:405 - Processing Q42: What is Domingo Eyzaguirre's occupation?
2026-01-06 02:53:23.747 | INFO     | __main__:main:405 - Processing Q43: What is Suzanne Lilar's occupation?
2026-01-06 02:53:25.780 | INFO     | __main__:main:405 - Processing Q44: What is Karen Redman's occupation?
2026-01-06 02:53:27.729 | INFO     | __main__:main:405 - Processing Q45: What is Eduard Looijenga's occupation?
2026-01-06 02:53:30.658 | INFO     | __main__:main:405 - Processing Q46: What is Petrus Camper's occupation?
2026-01-06 02:53:33.962 | INFO     | __main__:main:405 - Processing Q47: What is Jacopo Melani's occupation?
2026-01-06 02:53:34.882 | INFO     | __main__:main:405 - Processing Q48: What is Charlotte von Hagn's occupation?
2026-01-06 02:53:35.911 | INFO     | __main__:main:405 - Processing Q49: What is Michael Hutchings's occupation?
2026-01-06 02:53:37.983 | INFO     | __main__:main:405 - Processing Q50: What is James Alex Msekela's occupation?
2026-01-06 02:53:39.556 | INFO     | __main__:main:405 - Processing Q51: What is Hiroyuki Arai's occupation?
2026-01-06 02:53:41.123 | INFO     | __main__:main:405 - Processing Q52: What is Melinda Mullins's occupation?
2026-01-06 02:53:44.771 | INFO     | __main__:main:405 - Processing Q53: What is Meyer Lutz's occupation?
2026-01-06 02:53:47.366 | INFO     | __main__:main:405 - Processing Q54: What is Ludwig Lichtschein's occupation?
2026-01-06 02:53:49.108 | INFO     | __main__:main:405 - Processing Q55: What is Władysław Sławny's occupation?
2026-01-06 02:53:54.258 | INFO     | __main__:main:405 - Processing Q56: What is Johnson's occupation?
2026-01-06 02:53:56.131 | INFO     | __main__:main:405 - Processing Q57: What is Walter Köbel's occupation?
2026-01-06 02:53:58.749 | INFO     | __main__:main:405 - Processing Q58: What is Debbie Johnson's occupation?
2026-01-06 02:54:01.285 | INFO     | __main__:main:405 - Processing Q59: What is Kekko Fornarelli's occupation?
2026-01-06 02:54:02.671 | INFO     | __main__:main:405 - Processing Q60: What is Adil Shamoo's occupation?
2026-01-06 02:54:04.711 | INFO     | __main__:main:405 - Processing Q61: What is Patrick Mulvany's occupation?
2026-01-06 02:54:07.407 | INFO     | __main__:main:405 - Processing Q62: What is Gerard Kennedy's occupation?
2026-01-06 02:54:09.362 | INFO     | __main__:main:405 - Processing Q63: What is Giora Godik's occupation?
2026-01-06 02:54:10.633 | INFO     | __main__:main:405 - Processing Q64: What is Lillian Lawrence's occupation?
2026-01-06 02:54:11.686 | INFO     | __main__:main:405 - Processing Q65: What is Philip Rosenberg's occupation?
2026-01-06 02:54:13.909 | INFO     | __main__:main:405 - Processing Q66: What is Mariana Vicente's occupation?
2026-01-06 02:54:16.668 | INFO     | __main__:main:405 - Processing Q67: What is Huntington Wilson's occupation?
2026-01-06 02:54:17.834 | INFO     | __main__:main:405 - Processing Q68: What is Bala's occupation?
2026-01-06 02:54:19.327 | INFO     | __main__:main:405 - Processing Q69: What is Steve Tom's occupation?
2026-01-06 02:54:22.290 | INFO     | __main__:main:405 - Processing Q70: What is Ilja Rosendahl's occupation?
2026-01-06 02:54:25.308 | INFO     | __main__:main:405 - Processing Q71: What is Thanasis Pafilis's occupation?
2026-01-06 02:54:27.470 | INFO     | __main__:main:405 - Processing Q72: What is Christopher Butson's occupation?
2026-01-06 02:54:29.530 | INFO     | __main__:main:405 - Processing Q73: What is Hate Man's occupation?
2026-01-06 02:54:31.498 | INFO     | __main__:main:405 - Processing Q74: What is Rich Brightman's occupation?
2026-01-06 02:54:32.589 | INFO     | __main__:main:405 - Processing Q75: What is Edward Norton's occupation?
2026-01-06 02:54:36.468 | INFO     | __main__:main:405 - Processing Q76: What is Jonathan Le Billon's occupation?
2026-01-06 02:54:37.381 | INFO     | __main__:main:405 - Processing Q77: What is Eliza Lawrence's occupation?
2026-01-06 02:54:39.551 | INFO     | __main__:main:405 - Processing Q78: What is Charles Combe's occupation?
2026-01-06 02:54:42.596 | INFO     | __main__:main:405 - Processing Q79: What is GQ's occupation?
2026-01-06 02:54:43.494 | INFO     | __main__:main:405 - Processing Q80: What is John D. Maurice's occupation?
2026-01-06 02:54:44.994 | INFO     | __main__:main:405 - Processing Q81: What is Harvey Benge's occupation?
2026-01-06 02:54:46.785 | INFO     | __main__:main:405 - Processing Q82: What is Alan Huckle's occupation?
2026-01-06 02:54:49.339 | INFO     | __main__:main:405 - Processing Q83: What is Sylwester Braun's occupation?
2026-01-06 02:54:51.667 | INFO     | __main__:main:405 - Processing Q84: What is Jack Mackenzie's occupation?
2026-01-06 02:54:54.531 | INFO     | __main__:main:405 - Processing Q85: What is Ernst Theodor Echtermeyer's occupation?
2026-01-06 02:54:57.845 | INFO     | __main__:main:405 - Processing Q86: What is Felicia Chateloin's occupation?
2026-01-06 02:54:59.935 | INFO     | __main__:main:405 - Processing Q87: What is Bedřich Feigl's occupation?
2026-01-06 02:55:01.813 | INFO     | __main__:main:405 - Processing Q88: What is Björn Böhning's occupation?
2026-01-06 02:55:03.903 | INFO     | __main__:main:405 - Processing Q89: What is Stanley Peiris's occupation?
2026-01-06 02:55:05.713 | INFO     | __main__:main:405 - Processing Q90: What is J. Da Silva's occupation?
2026-01-06 02:55:07.275 | INFO     | __main__:main:405 - Processing Q91: What is Carsten Carlsen's occupation?
2026-01-06 02:55:09.403 | INFO     | __main__:main:405 - Processing Q92: What is Shiva Nageswara Rao's occupation?
2026-01-06 02:55:10.771 | INFO     | __main__:main:405 - Processing Q93: What is Fritz Goos's occupation?
2026-01-06 02:55:12.738 | INFO     | __main__:main:405 - Processing Q94: What is Alexander Gadolin's occupation?
2026-01-06 02:55:16.701 | INFO     | __main__:main:405 - Processing Q95: What is Kamya Panjabi's occupation?
2026-01-06 02:55:17.914 | INFO     | __main__:main:405 - Processing Q96: What is John Strange's occupation?
2026-01-06 02:55:19.033 | INFO     | __main__:main:405 - Processing Q97: What is Everley Gregg's occupation?
2026-01-06 02:55:21.204 | INFO     | __main__:main:405 - Processing Q98: What is Meg McCall's occupation?
2026-01-06 02:55:23.224 | INFO     | __main__:main:405 - Processing Q99: What is Todd Verow's occupation?
2026-01-06 02:55:25.273 | INFO     | __main__:main:405 - Processing Q100: What is Kyaw Swe's occupation?
2026-01-06 02:55:26.428 | INFO     | __main__:main:405 - Processing Q101: What is Edwin H. Knopf's occupation?
2026-01-06 02:55:28.006 | INFO     | __main__:main:405 - Processing Q102: What is Tatiana Doronina's occupation?
2026-01-06 02:55:29.116 | INFO     | __main__:main:405 - Processing Q103: What is Marina Baker's occupation?
2026-01-06 02:55:31.867 | INFO     | __main__:main:405 - Processing Q104: What is Giuseppe Demachi's occupation?
2026-01-06 02:55:32.980 | INFO     | __main__:main:405 - Processing Q105: What is Atsushi Kaneko's occupation?
2026-01-06 02:55:35.824 | INFO     | __main__:main:405 - Processing Q106: What is Richard Faith's occupation?
2026-01-06 02:55:38.900 | INFO     | __main__:main:405 - Processing Q107: What is E. David Redwine's occupation?
2026-01-06 02:55:40.574 | INFO     | __main__:main:405 - Processing Q108: What is Chiara Zanni's occupation?
2026-01-06 02:55:43.770 | INFO     | __main__:main:405 - Processing Q109: What is P. J. Moloney's occupation?
2026-01-06 02:55:46.080 | INFO     | __main__:main:405 - Processing Q110: What is Andreas Rüdiger's occupation?
2026-01-06 02:55:49.919 | INFO     | __main__:main:405 - Processing Q111: What is Guillem Ramon de Gironella's occupation?
2026-01-06 02:55:52.079 | INFO     | __main__:main:405 - Processing Q112: What is Dima Grigoriev's occupation?
2026-01-06 02:55:54.684 | INFO     | __main__:main:405 - Processing Q113: What is Paddy Mullins's occupation?
2026-01-06 02:55:55.750 | INFO     | __main__:main:405 - Processing Q114: What is Alan Mauritz Swanson's occupation?
2026-01-06 02:55:58.011 | INFO     | __main__:main:405 - Processing Q115: What is Harvey William Burk's occupation?
2026-01-06 02:56:00.852 | INFO     | __main__:main:405 - Processing Q116: What is Richard Sandrak's occupation?
2026-01-06 02:56:03.006 | INFO     | __main__:main:405 - Processing Q117: What is Jim Boyd's occupation?
2026-01-06 02:56:05.489 | INFO     | __main__:main:405 - Processing Q118: What is Nosrat Karimi's occupation?
2026-01-06 02:56:07.572 | INFO     | __main__:main:405 - Processing Q119: What is Jörg A. Eggers's occupation?
2026-01-06 02:56:09.950 | INFO     | __main__:main:405 - Processing Q120: What is Duilio Forte's occupation?
2026-01-06 02:56:12.546 | INFO     | __main__:main:405 - Processing Q121: What is Giovanni Grasso's occupation?
2026-01-06 02:56:15.282 | INFO     | __main__:main:405 - Processing Q122: What is Adam Darr's occupation?
2026-01-06 02:56:17.102 | INFO     | __main__:main:405 - Processing Q123: What is Paul Lieber's occupation?
2026-01-06 02:56:20.510 | INFO     | __main__:main:405 - Processing Q124: What is Keiko Aizawa's occupation?
2026-01-06 02:56:23.520 | INFO     | __main__:main:405 - Processing Q125: What is Petros Efthymiou's occupation?
2026-01-06 02:56:25.474 | INFO     | __main__:main:405 - Processing Q126: What is Isobel Pravda's occupation?
2026-01-06 02:56:26.591 | INFO     | __main__:main:405 - Processing Q127: What is Seungri's occupation?
2026-01-06 02:56:28.558 | INFO     | __main__:main:405 - Processing Q128: What is DM Sevilla's occupation?
2026-01-06 02:56:30.135 | INFO     | __main__:main:405 - Processing Q129: What is Carlo Giustini's occupation?
2026-01-06 02:56:33.503 | INFO     | __main__:main:405 - Processing Q130: What is Hugo Becker's occupation?
2026-01-06 02:56:35.005 | INFO     | __main__:main:405 - Processing Q131: What is Per Risvik's occupation?
2026-01-06 02:56:35.954 | INFO     | __main__:main:405 - Processing Q132: What is Eleanor Yule's occupation?
2026-01-06 02:56:38.758 | INFO     | __main__:main:405 - Processing Q133: What is Claire Adams's occupation?
2026-01-06 02:56:41.272 | INFO     | __main__:main:405 - Processing Q134: What is Lothrop Stoddard's occupation?
2026-01-06 02:56:43.498 | INFO     | __main__:main:405 - Processing Q135: What is Chris Lang's occupation?
2026-01-06 02:56:45.718 | INFO     | __main__:main:405 - Processing Q136: What is Pamela Winslow's occupation?
2026-01-06 02:56:47.718 | INFO     | __main__:main:405 - Processing Q137: What is Zoran Rankić's occupation?
2026-01-06 02:56:50.473 | INFO     | __main__:main:405 - Processing Q138: What is George Minor's occupation?
2026-01-06 02:56:53.062 | INFO     | __main__:main:405 - Processing Q139: What is Anjali Sudhakar's occupation?
2026-01-06 02:56:55.320 | INFO     | __main__:main:405 - Processing Q140: What is Jean Gabriel Marie's occupation?
2026-01-06 02:56:57.329 | INFO     | __main__:main:405 - Processing Q141: What is George Birnie Esslemont's occupation?
2026-01-06 02:57:00.517 | INFO     | __main__:main:405 - Processing Q142: What is Ajay Kumar Parida's occupation?
2026-01-06 02:57:01.447 | INFO     | __main__:main:405 - Processing Q143: What is A. Lawrence Kocher's occupation?
2026-01-06 02:57:05.363 | INFO     | __main__:main:405 - Processing Q144: What is John Andrew Martin's occupation?
2026-01-06 02:57:07.634 | INFO     | __main__:main:405 - Processing Q145: What is Maurice Le Boucher's occupation?
2026-01-06 02:57:10.334 | INFO     | __main__:main:405 - Processing Q146: What is Martin Shapiro's occupation?
2026-01-06 02:57:13.969 | INFO     | __main__:main:405 - Processing Q147: What is Lewis J. Rachmil's occupation?
2026-01-06 02:57:15.792 | INFO     | __main__:main:405 - Processing Q148: What is René Bégin's occupation?
2026-01-06 02:57:18.973 | INFO     | __main__:main:405 - Processing Q149: What is Louis O'Dea's occupation?
2026-01-06 02:57:21.740 | INFO     | __main__:main:405 - Processing Q150: What is Guo Gengmao's occupation?
2026-01-06 02:57:23.709 | INFO     | __main__:main:405 - Processing Q151: What is Jacques Monasch's occupation?
2026-01-06 02:57:25.306 | INFO     | __main__:main:405 - Processing Q152: What is Robert Antoine's occupation?
2026-01-06 02:57:27.950 | INFO     | __main__:main:405 - Processing Q153: What is Howard Fowles's occupation?
2026-01-06 02:57:29.992 | INFO     | __main__:main:405 - Processing Q154: What is Đurđa Ivezić's occupation?
2026-01-06 02:57:32.922 | INFO     | __main__:main:405 - Processing Q155: What is Jeet Ganguly's occupation?
2026-01-06 02:57:34.569 | INFO     | __main__:main:405 - Processing Q156: What is Akimasa Nakamura's occupation?
2026-01-06 02:57:37.625 | INFO     | __main__:main:405 - Processing Q157: What is Jean-Marie-Victor Viel's occupation?
2026-01-06 02:57:40.108 | INFO     | __main__:main:405 - Processing Q158: What is Eckart von Hirschhausen's occupation?
2026-01-06 02:57:42.610 | INFO     | __main__:main:405 - Processing Q159: What is Val McLane's occupation?
2026-01-06 02:57:44.662 | INFO     | __main__:main:405 - Processing Q160: What is Edwin N. Hubbell's occupation?
2026-01-06 02:57:46.512 | INFO     | __main__:main:405 - Processing Q161: What is Mariví Bilbao's occupation?
2026-01-06 02:57:47.469 | INFO     | __main__:main:405 - Processing Q162: What is Dick Rude's occupation?
2026-01-06 02:57:48.293 | INFO     | __main__:main:405 - Processing Q163: What is Harding of Bristol's occupation?
2026-01-06 02:57:50.620 | INFO     | __main__:main:405 - Processing Q164: What is Gina Krog's occupation?
2026-01-06 02:57:53.389 | INFO     | __main__:main:405 - Processing Q165: What is Petr Mlsna's occupation?
2026-01-06 02:57:55.399 | INFO     | __main__:main:405 - Processing Q166: What is Neville Ashenheim's occupation?
2026-01-06 02:57:57.307 | INFO     | __main__:main:405 - Processing Q167: What is Lorena Corona Valdés's occupation?
2026-01-06 02:57:58.842 | INFO     | __main__:main:405 - Processing Q168: What is Honor Harger's occupation?
2026-01-06 02:58:01.403 | INFO     | __main__:main:405 - Processing Q169: What is Clement Baker's occupation?
2026-01-06 02:58:04.479 | INFO     | __main__:main:405 - Processing Q170: What is Alleppey Vincent's occupation?
2026-01-06 02:58:08.400 | INFO     | __main__:main:405 - Processing Q171: In what city was Belarmino Mario Chipongue born?
2026-01-06 02:58:10.615 | INFO     | __main__:main:405 - Processing Q172: In what city was Raju Kaji Shakya born?
2026-01-06 02:58:12.494 | INFO     | __main__:main:405 - Processing Q173: In what city was Alastair Heathcote born?
2026-01-06 02:58:14.925 | INFO     | __main__:main:405 - Processing Q174: In what city was William Marshall Craig born?
2026-01-06 02:58:16.621 | INFO     | __main__:main:405 - Processing Q175: In what city was Philipp Crone born?
2026-01-06 02:58:18.770 | INFO     | __main__:main:405 - Processing Q176: In what city was Danie Mellor born?
2026-01-06 02:58:19.908 | INFO     | __main__:main:405 - Processing Q177: In what city was Endre Bálint born?
2026-01-06 02:58:21.693 | INFO     | __main__:main:405 - Processing Q178: In what city was Aleksandr Nekrasov born?
2026-01-06 02:58:23.582 | INFO     | __main__:main:405 - Processing Q179: In what city was Charles Joseph Bonaparte born?
2026-01-06 02:58:24.616 | INFO     | __main__:main:405 - Processing Q180: In what city was Louis François Antoine Arbogast born?
2026-01-06 02:58:25.913 | INFO     | __main__:main:405 - Processing Q181: In what city was Austin Cuvillier born?
2026-01-06 02:58:27.285 | INFO     | __main__:main:405 - Processing Q182: In what city was Bert Myers born?
2026-01-06 02:58:30.143 | INFO     | __main__:main:405 - Processing Q183: In what city was Scott Fraser born?
2026-01-06 02:58:31.125 | INFO     | __main__:main:405 - Processing Q184: In what city was Giuseppe Castelli born?
2026-01-06 02:58:33.153 | INFO     | __main__:main:405 - Processing Q185: In what city was Jacob Duck born?
2026-01-06 02:58:35.268 | INFO     | __main__:main:405 - Processing Q186: In what city was Parnelli Jones born?
2026-01-06 02:58:36.539 | INFO     | __main__:main:405 - Processing Q187: In what city was Fernand Cornez born?
2026-01-06 02:58:38.884 | INFO     | __main__:main:405 - Processing Q188: In what city was Yinka Ayenuwa born?
2026-01-06 02:58:42.320 | INFO     | __main__:main:405 - Processing Q189: In what city was Phil Williams born?
2026-01-06 02:58:43.769 | INFO     | __main__:main:405 - Processing Q190: In what city was James M. Bingham born?
2026-01-06 02:58:45.640 | INFO     | __main__:main:405 - Processing Q191: In what city was Jack Kachkar born?
2026-01-06 02:58:46.741 | INFO     | __main__:main:405 - Processing Q192: In what city was Gustavo Grondona born?
2026-01-06 02:58:49.427 | INFO     | __main__:main:405 - Processing Q193: In what city was Bastien Lecouffe-Deharme born?
2026-01-06 02:58:50.677 | INFO     | __main__:main:405 - Processing Q194: In what city was Betty Francisco born?
2026-01-06 02:58:53.001 | INFO     | __main__:main:405 - Processing Q195: In what city was Hans-Jörg Voigt born?
2026-01-06 02:58:54.171 | INFO     | __main__:main:405 - Processing Q196: In what city was Charlie Davis born?
2026-01-06 02:58:56.287 | INFO     | __main__:main:405 - Processing Q197: In what city was Marnus Labuschagne born?
2026-01-06 02:58:57.696 | INFO     | __main__:main:405 - Processing Q198: In what city was Leslie Douglas Jackson born?
2026-01-06 02:58:58.666 | INFO     | __main__:main:405 - Processing Q199: In what city was Ricardo Maliandi born?
2026-01-06 02:58:59.774 | INFO     | __main__:main:478 - Finished. Results saved to result_relrag/e1_main_qwen/run_20251225_063718/mirage_sample_200/relrag_full/llm_default/budget_8192/fix_full
