2026-01-06 03:04:59.945 | INFO     | __main__:main:316 - Writing outputs to result_relrag/e1_main_qwen/run_20251225_063718/mirage_sample_200/relrag_full/llm_default/budget_16384/fix_full
2026-01-06 03:05:54.499 | INFO     | __main__:main:405 - Processing Q0: What is John Mayne's occupation?
2026-01-06 03:05:56.668 | INFO     | __main__:main:405 - Processing Q1: What is Kathy Saltzman's occupation?
2026-01-06 03:05:58.189 | INFO     | __main__:main:405 - Processing Q2: What is Eleanor Davis's occupation?
2026-01-06 03:05:59.200 | INFO     | __main__:main:405 - Processing Q3: What is William Murray, 1st Earl of Mansfield's occupation?
2026-01-06 03:06:00.938 | INFO     | __main__:main:405 - Processing Q4: What is Þorsteinn Bachmann's occupation?
2026-01-06 03:06:01.984 | INFO     | __main__:main:405 - Processing Q5: What is Jacob Kraemer's occupation?
2026-01-06 03:06:04.640 | INFO     | __main__:main:405 - Processing Q6: What is Bae Geu-rin's occupation?
2026-01-06 03:06:07.619 | INFO     | __main__:main:405 - Processing Q7: What is John Floyd's occupation?
2026-01-06 03:06:09.045 | INFO     | __main__:main:405 - Processing Q8: What is Sachiko Kokubu's occupation?
2026-01-06 03:06:11.786 | INFO     | __main__:main:405 - Processing Q9: What is Akari Hayami's occupation?
2026-01-06 03:06:13.236 | INFO     | __main__:main:405 - Processing Q10: What is Paris's occupation?
2026-01-06 03:06:15.285 | INFO     | __main__:main:405 - Processing Q11: What is Fairfax M. Cone's occupation?
2026-01-06 03:06:17.381 | INFO     | __main__:main:405 - Processing Q12: What is Albert Bates's occupation?
2026-01-06 03:06:19.766 | INFO     | __main__:main:405 - Processing Q13: What is Heath's occupation?
2026-01-06 03:06:21.663 | INFO     | __main__:main:405 - Processing Q14: What is Yoshiki Tonogai's occupation?
2026-01-06 03:06:23.353 | INFO     | __main__:main:405 - Processing Q15: What is Thomas R. Whitney's occupation?
2026-01-06 03:06:26.876 | INFO     | __main__:main:405 - Processing Q16: What is Edwin Wallock's occupation?
2026-01-06 03:06:28.924 | INFO     | __main__:main:405 - Processing Q17: What is Tsutomu Seki's occupation?
2026-01-06 03:06:29.812 | INFO     | __main__:main:405 - Processing Q18: What is Matthew McKay's occupation?
2026-01-06 03:06:31.658 | INFO     | __main__:main:405 - Processing Q19: What is Dominick Bellizzi's occupation?
2026-01-06 03:06:34.100 | INFO     | __main__:main:405 - Processing Q20: What is Brendan Canty's occupation?
2026-01-06 03:06:37.233 | INFO     | __main__:main:405 - Processing Q21: What is María Elena Marqués's occupation?
2026-01-06 03:06:38.378 | INFO     | __main__:main:405 - Processing Q22: What is Patrick O'Brien Demsey's occupation?
2026-01-06 03:06:39.380 | INFO     | __main__:main:405 - Processing Q23: What is Boutheina Jabnoun's occupation?
2026-01-06 03:06:41.626 | INFO     | __main__:main:405 - Processing Q24: What is Modou Dia's occupation?
2026-01-06 03:06:44.108 | INFO     | __main__:main:405 - Processing Q25: What is Glenn Albrecht's occupation?
2026-01-06 03:06:46.268 | INFO     | __main__:main:405 - Processing Q26: What is Tobias Lindholm's occupation?
2026-01-06 03:06:47.509 | INFO     | __main__:main:405 - Processing Q27: What is Ingrid Martinez's occupation?
2026-01-06 03:06:49.582 | INFO     | __main__:main:405 - Processing Q28: What is Tolis Voskopoulos's occupation?
2026-01-06 03:06:51.731 | INFO     | __main__:main:405 - Processing Q29: What is Marco Ameglio's occupation?
2026-01-06 03:06:53.393 | INFO     | __main__:main:405 - Processing Q30: What is Mohd Sharkar Shamsudin's occupation?
2026-01-06 03:06:56.283 | INFO     | __main__:main:405 - Processing Q31: What is Anthony Sharp's occupation?
2026-01-06 03:06:59.193 | INFO     | __main__:main:405 - Processing Q32: What is Claire Berlinski's occupation?
2026-01-06 03:07:00.290 | INFO     | __main__:main:405 - Processing Q33: What is Russell Stokes's occupation?
2026-01-06 03:07:02.318 | INFO     | __main__:main:405 - Processing Q34: What is C. E. Webber's occupation?
2026-01-06 03:07:04.603 | INFO     | __main__:main:405 - Processing Q35: What is Muhammad Ali Luqman's occupation?
2026-01-06 03:07:06.439 | INFO     | __main__:main:405 - Processing Q36: What is Ivo Perilli's occupation?
2026-01-06 03:07:08.568 | INFO     | __main__:main:405 - Processing Q37: What is Joseph Weydemeyer's occupation?
2026-01-06 03:07:11.186 | INFO     | __main__:main:405 - Processing Q38: What is Ai's occupation?
2026-01-06 03:07:12.147 | INFO     | __main__:main:405 - Processing Q39: What is Rinaldo del Mel's occupation?
2026-01-06 03:07:14.413 | INFO     | __main__:main:405 - Processing Q40: What is Annie Beustes's occupation?
2026-01-06 03:07:16.071 | INFO     | __main__:main:405 - Processing Q41: What is Elisa Bridges's occupation?
2026-01-06 03:07:17.081 | INFO     | __main__:main:405 - Processing Q42: What is Domingo Eyzaguirre's occupation?
2026-01-06 03:07:19.177 | INFO     | __main__:main:405 - Processing Q43: What is Suzanne Lilar's occupation?
2026-01-06 03:07:21.192 | INFO     | __main__:main:405 - Processing Q44: What is Karen Redman's occupation?
2026-01-06 03:07:23.221 | INFO     | __main__:main:405 - Processing Q45: What is Eduard Looijenga's occupation?
2026-01-06 03:07:26.234 | INFO     | __main__:main:405 - Processing Q46: What is Petrus Camper's occupation?
2026-01-06 03:07:29.095 | INFO     | __main__:main:405 - Processing Q47: What is Jacopo Melani's occupation?
2026-01-06 03:07:30.018 | INFO     | __main__:main:405 - Processing Q48: What is Charlotte von Hagn's occupation?
2026-01-06 03:07:31.010 | INFO     | __main__:main:405 - Processing Q49: What is Michael Hutchings's occupation?
2026-01-06 03:07:32.939 | INFO     | __main__:main:405 - Processing Q50: What is James Alex Msekela's occupation?
2026-01-06 03:07:34.488 | INFO     | __main__:main:405 - Processing Q51: What is Hiroyuki Arai's occupation?
2026-01-06 03:07:36.039 | INFO     | __main__:main:405 - Processing Q52: What is Melinda Mullins's occupation?
2026-01-06 03:07:39.699 | INFO     | __main__:main:405 - Processing Q53: What is Meyer Lutz's occupation?
2026-01-06 03:07:42.300 | INFO     | __main__:main:405 - Processing Q54: What is Ludwig Lichtschein's occupation?
2026-01-06 03:07:44.864 | INFO     | __main__:main:405 - Processing Q55: What is Władysław Sławny's occupation?
2026-01-06 03:07:50.024 | INFO     | __main__:main:405 - Processing Q56: What is Johnson's occupation?
2026-01-06 03:07:51.906 | INFO     | __main__:main:405 - Processing Q57: What is Walter Köbel's occupation?
2026-01-06 03:07:54.640 | INFO     | __main__:main:405 - Processing Q58: What is Debbie Johnson's occupation?
2026-01-06 03:07:57.145 | INFO     | __main__:main:405 - Processing Q59: What is Kekko Fornarelli's occupation?
2026-01-06 03:07:58.521 | INFO     | __main__:main:405 - Processing Q60: What is Adil Shamoo's occupation?
2026-01-06 03:08:00.664 | INFO     | __main__:main:405 - Processing Q61: What is Patrick Mulvany's occupation?
2026-01-06 03:08:03.383 | INFO     | __main__:main:405 - Processing Q62: What is Gerard Kennedy's occupation?
2026-01-06 03:08:05.345 | INFO     | __main__:main:405 - Processing Q63: What is Giora Godik's occupation?
2026-01-06 03:08:06.569 | INFO     | __main__:main:405 - Processing Q64: What is Lillian Lawrence's occupation?
2026-01-06 03:08:07.581 | INFO     | __main__:main:405 - Processing Q65: What is Philip Rosenberg's occupation?
2026-01-06 03:08:09.915 | INFO     | __main__:main:405 - Processing Q66: What is Mariana Vicente's occupation?
2026-01-06 03:08:12.616 | INFO     | __main__:main:405 - Processing Q67: What is Huntington Wilson's occupation?
2026-01-06 03:08:13.674 | INFO     | __main__:main:405 - Processing Q68: What is Bala's occupation?
2026-01-06 03:08:15.157 | INFO     | __main__:main:405 - Processing Q69: What is Steve Tom's occupation?
2026-01-06 03:08:18.195 | INFO     | __main__:main:405 - Processing Q70: What is Ilja Rosendahl's occupation?
2026-01-06 03:08:21.182 | INFO     | __main__:main:405 - Processing Q71: What is Thanasis Pafilis's occupation?
2026-01-06 03:08:23.349 | INFO     | __main__:main:405 - Processing Q72: What is Christopher Butson's occupation?
2026-01-06 03:08:25.437 | INFO     | __main__:main:405 - Processing Q73: What is Hate Man's occupation?
2026-01-06 03:08:27.398 | INFO     | __main__:main:405 - Processing Q74: What is Rich Brightman's occupation?
2026-01-06 03:08:28.454 | INFO     | __main__:main:405 - Processing Q75: What is Edward Norton's occupation?
2026-01-06 03:08:32.370 | INFO     | __main__:main:405 - Processing Q76: What is Jonathan Le Billon's occupation?
2026-01-06 03:08:33.276 | INFO     | __main__:main:405 - Processing Q77: What is Eliza Lawrence's occupation?
2026-01-06 03:08:35.489 | INFO     | __main__:main:405 - Processing Q78: What is Charles Combe's occupation?
2026-01-06 03:08:38.458 | INFO     | __main__:main:405 - Processing Q79: What is GQ's occupation?
2026-01-06 03:08:39.362 | INFO     | __main__:main:405 - Processing Q80: What is John D. Maurice's occupation?
2026-01-06 03:08:40.863 | INFO     | __main__:main:405 - Processing Q81: What is Harvey Benge's occupation?
2026-01-06 03:08:42.726 | INFO     | __main__:main:405 - Processing Q82: What is Alan Huckle's occupation?
2026-01-06 03:08:45.290 | INFO     | __main__:main:405 - Processing Q83: What is Sylwester Braun's occupation?
2026-01-06 03:08:47.519 | INFO     | __main__:main:405 - Processing Q84: What is Jack Mackenzie's occupation?
2026-01-06 03:08:50.950 | INFO     | __main__:main:405 - Processing Q85: What is Ernst Theodor Echtermeyer's occupation?
2026-01-06 03:08:54.374 | INFO     | __main__:main:405 - Processing Q86: What is Felicia Chateloin's occupation?
2026-01-06 03:08:56.472 | INFO     | __main__:main:405 - Processing Q87: What is Bedřich Feigl's occupation?
2026-01-06 03:08:58.420 | INFO     | __main__:main:405 - Processing Q88: What is Björn Böhning's occupation?
2026-01-06 03:09:00.532 | INFO     | __main__:main:405 - Processing Q89: What is Stanley Peiris's occupation?
2026-01-06 03:09:02.386 | INFO     | __main__:main:405 - Processing Q90: What is J. Da Silva's occupation?
2026-01-06 03:09:03.841 | INFO     | __main__:main:405 - Processing Q91: What is Carsten Carlsen's occupation?
2026-01-06 03:09:06.064 | INFO     | __main__:main:405 - Processing Q92: What is Shiva Nageswara Rao's occupation?
2026-01-06 03:09:07.525 | INFO     | __main__:main:405 - Processing Q93: What is Fritz Goos's occupation?
2026-01-06 03:09:09.475 | INFO     | __main__:main:405 - Processing Q94: What is Alexander Gadolin's occupation?
2026-01-06 03:09:12.913 | INFO     | __main__:main:405 - Processing Q95: What is Kamya Panjabi's occupation?
2026-01-06 03:09:14.084 | INFO     | __main__:main:405 - Processing Q96: What is John Strange's occupation?
2026-01-06 03:09:15.234 | INFO     | __main__:main:405 - Processing Q97: What is Everley Gregg's occupation?
2026-01-06 03:09:17.466 | INFO     | __main__:main:405 - Processing Q98: What is Meg McCall's occupation?
2026-01-06 03:09:19.456 | INFO     | __main__:main:405 - Processing Q99: What is Todd Verow's occupation?
2026-01-06 03:09:21.580 | INFO     | __main__:main:405 - Processing Q100: What is Kyaw Swe's occupation?
2026-01-06 03:09:22.763 | INFO     | __main__:main:405 - Processing Q101: What is Edwin H. Knopf's occupation?
2026-01-06 03:09:24.355 | INFO     | __main__:main:405 - Processing Q102: What is Tatiana Doronina's occupation?
2026-01-06 03:09:25.463 | INFO     | __main__:main:405 - Processing Q103: What is Marina Baker's occupation?
2026-01-06 03:09:28.212 | INFO     | __main__:main:405 - Processing Q104: What is Giuseppe Demachi's occupation?
2026-01-06 03:09:29.324 | INFO     | __main__:main:405 - Processing Q105: What is Atsushi Kaneko's occupation?
2026-01-06 03:09:32.334 | INFO     | __main__:main:405 - Processing Q106: What is Richard Faith's occupation?
2026-01-06 03:09:35.499 | INFO     | __main__:main:405 - Processing Q107: What is E. David Redwine's occupation?
2026-01-06 03:09:37.276 | INFO     | __main__:main:405 - Processing Q108: What is Chiara Zanni's occupation?
2026-01-06 03:09:40.436 | INFO     | __main__:main:405 - Processing Q109: What is P. J. Moloney's occupation?
2026-01-06 03:09:42.866 | INFO     | __main__:main:405 - Processing Q110: What is Andreas Rüdiger's occupation?
2026-01-06 03:09:46.602 | INFO     | __main__:main:405 - Processing Q111: What is Guillem Ramon de Gironella's occupation?
2026-01-06 03:09:48.741 | INFO     | __main__:main:405 - Processing Q112: What is Dima Grigoriev's occupation?
2026-01-06 03:09:51.387 | INFO     | __main__:main:405 - Processing Q113: What is Paddy Mullins's occupation?
2026-01-06 03:09:52.429 | INFO     | __main__:main:405 - Processing Q114: What is Alan Mauritz Swanson's occupation?
2026-01-06 03:09:54.173 | INFO     | __main__:main:405 - Processing Q115: What is Harvey William Burk's occupation?
2026-01-06 03:09:56.942 | INFO     | __main__:main:405 - Processing Q116: What is Richard Sandrak's occupation?
2026-01-06 03:09:59.129 | INFO     | __main__:main:405 - Processing Q117: What is Jim Boyd's occupation?
2026-01-06 03:10:01.650 | INFO     | __main__:main:405 - Processing Q118: What is Nosrat Karimi's occupation?
2026-01-06 03:10:03.796 | INFO     | __main__:main:405 - Processing Q119: What is Jörg A. Eggers's occupation?
2026-01-06 03:10:06.259 | INFO     | __main__:main:405 - Processing Q120: What is Duilio Forte's occupation?
2026-01-06 03:10:08.913 | INFO     | __main__:main:405 - Processing Q121: What is Giovanni Grasso's occupation?
2026-01-06 03:10:11.057 | INFO     | __main__:main:405 - Processing Q122: What is Adam Darr's occupation?
2026-01-06 03:10:12.737 | INFO     | __main__:main:405 - Processing Q123: What is Paul Lieber's occupation?
2026-01-06 03:10:16.040 | INFO     | __main__:main:405 - Processing Q124: What is Keiko Aizawa's occupation?
2026-01-06 03:10:19.018 | INFO     | __main__:main:405 - Processing Q125: What is Petros Efthymiou's occupation?
2026-01-06 03:10:20.954 | INFO     | __main__:main:405 - Processing Q126: What is Isobel Pravda's occupation?
2026-01-06 03:10:22.039 | INFO     | __main__:main:405 - Processing Q127: What is Seungri's occupation?
2026-01-06 03:10:23.993 | INFO     | __main__:main:405 - Processing Q128: What is DM Sevilla's occupation?
2026-01-06 03:10:25.731 | INFO     | __main__:main:405 - Processing Q129: What is Carlo Giustini's occupation?
2026-01-06 03:10:28.562 | INFO     | __main__:main:405 - Processing Q130: What is Hugo Becker's occupation?
2026-01-06 03:10:30.105 | INFO     | __main__:main:405 - Processing Q131: What is Per Risvik's occupation?
2026-01-06 03:10:31.038 | INFO     | __main__:main:405 - Processing Q132: What is Eleanor Yule's occupation?
2026-01-06 03:10:33.772 | INFO     | __main__:main:405 - Processing Q133: What is Claire Adams's occupation?
2026-01-06 03:10:36.354 | INFO     | __main__:main:405 - Processing Q134: What is Lothrop Stoddard's occupation?
2026-01-06 03:10:38.573 | INFO     | __main__:main:405 - Processing Q135: What is Chris Lang's occupation?
2026-01-06 03:10:41.003 | INFO     | __main__:main:405 - Processing Q136: What is Pamela Winslow's occupation?
2026-01-06 03:10:43.169 | INFO     | __main__:main:405 - Processing Q137: What is Zoran Rankić's occupation?
2026-01-06 03:10:46.144 | INFO     | __main__:main:405 - Processing Q138: What is George Minor's occupation?
2026-01-06 03:10:48.714 | INFO     | __main__:main:405 - Processing Q139: What is Anjali Sudhakar's occupation?
2026-01-06 03:10:50.957 | INFO     | __main__:main:405 - Processing Q140: What is Jean Gabriel Marie's occupation?
2026-01-06 03:10:53.616 | INFO     | __main__:main:405 - Processing Q141: What is George Birnie Esslemont's occupation?
2026-01-06 03:10:56.737 | INFO     | __main__:main:405 - Processing Q142: What is Ajay Kumar Parida's occupation?
2026-01-06 03:10:57.665 | INFO     | __main__:main:405 - Processing Q143: What is A. Lawrence Kocher's occupation?
2026-01-06 03:11:01.080 | INFO     | __main__:main:405 - Processing Q144: What is John Andrew Martin's occupation?
2026-01-06 03:11:03.328 | INFO     | __main__:main:405 - Processing Q145: What is Maurice Le Boucher's occupation?
2026-01-06 03:11:06.128 | INFO     | __main__:main:405 - Processing Q146: What is Martin Shapiro's occupation?
2026-01-06 03:11:09.720 | INFO     | __main__:main:405 - Processing Q147: What is Lewis J. Rachmil's occupation?
2026-01-06 03:11:11.492 | INFO     | __main__:main:405 - Processing Q148: What is René Bégin's occupation?
2026-01-06 03:11:14.547 | INFO     | __main__:main:405 - Processing Q149: What is Louis O'Dea's occupation?
2026-01-06 03:11:17.297 | INFO     | __main__:main:405 - Processing Q150: What is Guo Gengmao's occupation?
2026-01-06 03:11:19.223 | INFO     | __main__:main:405 - Processing Q151: What is Jacques Monasch's occupation?
2026-01-06 03:11:20.844 | INFO     | __main__:main:405 - Processing Q152: What is Robert Antoine's occupation?
2026-01-06 03:11:23.448 | INFO     | __main__:main:405 - Processing Q153: What is Howard Fowles's occupation?
2026-01-06 03:11:25.462 | INFO     | __main__:main:405 - Processing Q154: What is Đurđa Ivezić's occupation?
2026-01-06 03:11:28.408 | INFO     | __main__:main:405 - Processing Q155: What is Jeet Ganguly's occupation?
2026-01-06 03:11:29.982 | INFO     | __main__:main:405 - Processing Q156: What is Akimasa Nakamura's occupation?
2026-01-06 03:11:33.145 | INFO     | __main__:main:405 - Processing Q157: What is Jean-Marie-Victor Viel's occupation?
2026-01-06 03:11:35.675 | INFO     | __main__:main:405 - Processing Q158: What is Eckart von Hirschhausen's occupation?
2026-01-06 03:11:38.188 | INFO     | __main__:main:405 - Processing Q159: What is Val McLane's occupation?
2026-01-06 03:11:40.225 | INFO     | __main__:main:405 - Processing Q160: What is Edwin N. Hubbell's occupation?
2026-01-06 03:11:42.070 | INFO     | __main__:main:405 - Processing Q161: What is Mariví Bilbao's occupation?
2026-01-06 03:11:44.502 | INFO     | __main__:main:405 - Processing Q162: What is Dick Rude's occupation?
2026-01-06 03:11:45.353 | INFO     | __main__:main:405 - Processing Q163: What is Harding of Bristol's occupation?
2026-01-06 03:11:47.649 | INFO     | __main__:main:405 - Processing Q164: What is Gina Krog's occupation?
2026-01-06 03:11:50.435 | INFO     | __main__:main:405 - Processing Q165: What is Petr Mlsna's occupation?
2026-01-06 03:11:52.490 | INFO     | __main__:main:405 - Processing Q166: What is Neville Ashenheim's occupation?
2026-01-06 03:11:55.157 | INFO     | __main__:main:405 - Processing Q167: What is Lorena Corona Valdés's occupation?
2026-01-06 03:11:56.692 | INFO     | __main__:main:405 - Processing Q168: What is Honor Harger's occupation?
2026-01-06 03:11:59.739 | INFO     | __main__:main:405 - Processing Q169: What is Clement Baker's occupation?
2026-01-06 03:12:03.042 | INFO     | __main__:main:405 - Processing Q170: What is Alleppey Vincent's occupation?
2026-01-06 03:12:06.972 | INFO     | __main__:main:405 - Processing Q171: In what city was Belarmino Mario Chipongue born?
2026-01-06 03:12:09.256 | INFO     | __main__:main:405 - Processing Q172: In what city was Raju Kaji Shakya born?
2026-01-06 03:12:11.162 | INFO     | __main__:main:405 - Processing Q173: In what city was Alastair Heathcote born?
2026-01-06 03:12:13.569 | INFO     | __main__:main:405 - Processing Q174: In what city was William Marshall Craig born?
2026-01-06 03:12:15.210 | INFO     | __main__:main:405 - Processing Q175: In what city was Philipp Crone born?
2026-01-06 03:12:17.320 | INFO     | __main__:main:405 - Processing Q176: In what city was Danie Mellor born?
2026-01-06 03:12:18.474 | INFO     | __main__:main:405 - Processing Q177: In what city was Endre Bálint born?
2026-01-06 03:12:20.276 | INFO     | __main__:main:405 - Processing Q178: In what city was Aleksandr Nekrasov born?
2026-01-06 03:12:22.197 | INFO     | __main__:main:405 - Processing Q179: In what city was Charles Joseph Bonaparte born?
2026-01-06 03:12:23.243 | INFO     | __main__:main:405 - Processing Q180: In what city was Louis François Antoine Arbogast born?
2026-01-06 03:12:24.580 | INFO     | __main__:main:405 - Processing Q181: In what city was Austin Cuvillier born?
2026-01-06 03:12:25.937 | INFO     | __main__:main:405 - Processing Q182: In what city was Bert Myers born?
2026-01-06 03:12:28.615 | INFO     | __main__:main:405 - Processing Q183: In what city was Scott Fraser born?
2026-01-06 03:12:29.596 | INFO     | __main__:main:405 - Processing Q184: In what city was Giuseppe Castelli born?
2026-01-06 03:12:31.351 | INFO     | __main__:main:405 - Processing Q185: In what city was Jacob Duck born?
2026-01-06 03:12:33.485 | INFO     | __main__:main:405 - Processing Q186: In what city was Parnelli Jones born?
2026-01-06 03:12:34.728 | INFO     | __main__:main:405 - Processing Q187: In what city was Fernand Cornez born?
2026-01-06 03:12:37.086 | INFO     | __main__:main:405 - Processing Q188: In what city was Yinka Ayenuwa born?
2026-01-06 03:12:40.933 | INFO     | __main__:main:405 - Processing Q189: In what city was Phil Williams born?
2026-01-06 03:12:42.420 | INFO     | __main__:main:405 - Processing Q190: In what city was James M. Bingham born?
2026-01-06 03:12:44.304 | INFO     | __main__:main:405 - Processing Q191: In what city was Jack Kachkar born?
2026-01-06 03:12:45.374 | INFO     | __main__:main:405 - Processing Q192: In what city was Gustavo Grondona born?
2026-01-06 03:12:48.040 | INFO     | __main__:main:405 - Processing Q193: In what city was Bastien Lecouffe-Deharme born?
2026-01-06 03:12:49.256 | INFO     | __main__:main:405 - Processing Q194: In what city was Betty Francisco born?
2026-01-06 03:12:51.597 | INFO     | __main__:main:405 - Processing Q195: In what city was Hans-Jörg Voigt born?
2026-01-06 03:12:52.704 | INFO     | __main__:main:405 - Processing Q196: In what city was Charlie Davis born?
2026-01-06 03:12:54.735 | INFO     | __main__:main:405 - Processing Q197: In what city was Marnus Labuschagne born?
2026-01-06 03:12:56.134 | INFO     | __main__:main:405 - Processing Q198: In what city was Leslie Douglas Jackson born?
2026-01-06 03:12:57.083 | INFO     | __main__:main:405 - Processing Q199: In what city was Ricardo Maliandi born?
2026-01-06 03:12:58.217 | INFO     | __main__:main:478 - Finished. Results saved to result_relrag/e1_main_qwen/run_20251225_063718/mirage_sample_200/relrag_full/llm_default/budget_16384/fix_full
