2026-01-05 06:28:07.673 | INFO     | __main__:main:316 - Writing outputs to result_relrag/e1_main_qwen/run_20251225_063718/mirage_sample_200/relrag_full/llm_default/budget_4096/fix_full
2026-01-05 06:52:53.060 | INFO     | __main__:main:316 - Writing outputs to result_relrag/e1_main_qwen/run_20251225_063718/mirage_sample_200/relrag_full/llm_default/budget_4096/fix_full
2026-01-05 07:11:55.496 | INFO     | __main__:main:316 - Writing outputs to result_relrag/e1_main_qwen/run_20251225_063718/mirage_sample_200/relrag_full/llm_default/budget_4096/fix_full
2026-01-05 07:12:00.066 | WARNING  | utils.device:run_with_fallback:109 - fallback to cpu because OutOfMemoryError: CUDA out of memory. Tried to allocate 96.00 MiB. GPU 0 has a total capacity of 23.52 GiB of which 61.31 MiB is free. Process 1105409 has 18.37 GiB memory in use. Including non-PyTorch memory, this process has 5.08 GiB memory in use. Of the allocated memory 4.66 GiB is allocated by PyTorch, and 42.97 MiB is reserved by PyTorch but unallocated. If reserved but unallocated memory is large try setting PYTORCH_CUDA_ALLOC_CONF=expandable_segments:True to avoid fragmentation.  See documentation for Memory Management  (https://pytorch.org/docs/stable/notes/cuda.html#environment-variables)
2026-01-05 07:44:55.180 | INFO     | __main__:main:316 - Writing outputs to result_relrag/e1_main_qwen/run_20251225_063718/mirage_sample_200/relrag_full/llm_default/budget_4096/fix_full
2026-01-05 07:44:59.714 | WARNING  | utils.device:run_with_fallback:109 - fallback to cpu because OutOfMemoryError: CUDA out of memory. Tried to allocate 96.00 MiB. GPU 0 has a total capacity of 23.52 GiB of which 61.31 MiB is free. Process 1105533 has 18.37 GiB memory in use. Including non-PyTorch memory, this process has 5.08 GiB memory in use. Of the allocated memory 4.66 GiB is allocated by PyTorch, and 42.97 MiB is reserved by PyTorch but unallocated. If reserved but unallocated memory is large try setting PYTORCH_CUDA_ALLOC_CONF=expandable_segments:True to avoid fragmentation.  See documentation for Memory Management  (https://pytorch.org/docs/stable/notes/cuda.html#environment-variables)
2026-01-05 07:47:33.256 | INFO     | __main__:main:316 - Writing outputs to result_relrag/e1_main_qwen/run_20251225_063718/mirage_sample_200/relrag_full/llm_default/budget_4096/fix_full
2026-01-05 07:47:37.899 | WARNING  | utils.device:run_with_fallback:109 - fallback to cpu because OutOfMemoryError: CUDA out of memory. Tried to allocate 96.00 MiB. GPU 0 has a total capacity of 23.52 GiB of which 61.31 MiB is free. Process 1202256 has 12.55 GiB memory in use. Including non-PyTorch memory, this process has 10.89 GiB memory in use. Of the allocated memory 10.41 GiB is allocated by PyTorch, and 106.70 MiB is reserved by PyTorch but unallocated. If reserved but unallocated memory is large try setting PYTORCH_CUDA_ALLOC_CONF=expandable_segments:True to avoid fragmentation.  See documentation for Memory Management  (https://pytorch.org/docs/stable/notes/cuda.html#environment-variables)
2026-01-05 07:49:23.616 | INFO     | __main__:main:316 - Writing outputs to result_relrag/e1_main_qwen/run_20251225_063718/mirage_sample_200/relrag_full/llm_default/budget_4096/fix_full
2026-01-05 07:50:18.659 | INFO     | __main__:main:405 - Processing Q0: What is John Mayne's occupation?
2026-01-05 07:50:26.414 | INFO     | __main__:main:405 - Processing Q1: What is Kathy Saltzman's occupation?
2026-01-05 07:50:29.657 | INFO     | __main__:main:405 - Processing Q2: What is Eleanor Davis's occupation?
2026-01-05 07:50:30.753 | INFO     | __main__:main:405 - Processing Q3: What is William Murray, 1st Earl of Mansfield's occupation?
2026-01-05 07:50:32.451 | INFO     | __main__:main:405 - Processing Q4: What is Þorsteinn Bachmann's occupation?
2026-01-05 07:50:33.490 | INFO     | __main__:main:405 - Processing Q5: What is Jacob Kraemer's occupation?
2026-01-05 07:50:36.009 | INFO     | __main__:main:405 - Processing Q6: What is Bae Geu-rin's occupation?
2026-01-05 07:50:38.891 | INFO     | __main__:main:405 - Processing Q7: What is John Floyd's occupation?
2026-01-05 07:50:40.341 | INFO     | __main__:main:405 - Processing Q8: What is Sachiko Kokubu's occupation?
2026-01-05 07:50:43.136 | INFO     | __main__:main:405 - Processing Q9: What is Akari Hayami's occupation?
2026-01-05 07:50:44.553 | INFO     | __main__:main:405 - Processing Q10: What is Paris's occupation?
2026-01-05 07:50:47.348 | INFO     | __main__:main:405 - Processing Q11: What is Fairfax M. Cone's occupation?
2026-01-05 07:50:49.393 | INFO     | __main__:main:405 - Processing Q12: What is Albert Bates's occupation?
2026-01-05 07:50:51.934 | INFO     | __main__:main:405 - Processing Q13: What is Heath's occupation?
2026-01-05 07:50:53.886 | INFO     | __main__:main:405 - Processing Q14: What is Yoshiki Tonogai's occupation?
2026-01-05 07:50:56.885 | INFO     | __main__:main:405 - Processing Q15: What is Thomas R. Whitney's occupation?
2026-01-05 07:51:00.557 | INFO     | __main__:main:405 - Processing Q16: What is Edwin Wallock's occupation?
2026-01-05 07:51:02.489 | INFO     | __main__:main:405 - Processing Q17: What is Tsutomu Seki's occupation?
2026-01-05 07:51:03.331 | INFO     | __main__:main:405 - Processing Q18: What is Matthew McKay's occupation?
2026-01-05 07:51:05.193 | INFO     | __main__:main:405 - Processing Q19: What is Dominick Bellizzi's occupation?
2026-01-05 07:51:06.927 | INFO     | __main__:main:405 - Processing Q20: What is Brendan Canty's occupation?
2026-01-05 07:51:09.942 | INFO     | __main__:main:405 - Processing Q21: What is María Elena Marqués's occupation?
2026-01-05 07:51:11.121 | INFO     | __main__:main:405 - Processing Q22: What is Patrick O'Brien Demsey's occupation?
2026-01-05 07:51:12.133 | INFO     | __main__:main:405 - Processing Q23: What is Boutheina Jabnoun's occupation?
2026-01-05 07:51:14.289 | INFO     | __main__:main:405 - Processing Q24: What is Modou Dia's occupation?
2026-01-05 07:51:15.293 | INFO     | __main__:main:405 - Processing Q25: What is Glenn Albrecht's occupation?
2026-01-05 07:51:17.337 | INFO     | __main__:main:405 - Processing Q26: What is Tobias Lindholm's occupation?
2026-01-05 07:51:18.573 | INFO     | __main__:main:405 - Processing Q27: What is Ingrid Martinez's occupation?
2026-01-05 07:51:21.132 | INFO     | __main__:main:405 - Processing Q28: What is Tolis Voskopoulos's occupation?
2026-01-05 07:51:23.280 | INFO     | __main__:main:405 - Processing Q29: What is Marco Ameglio's occupation?
2026-01-05 07:51:25.947 | INFO     | __main__:main:405 - Processing Q30: What is Mohd Sharkar Shamsudin's occupation?
2026-01-05 07:51:27.119 | INFO     | __main__:main:405 - Processing Q31: What is Anthony Sharp's occupation?
2026-01-05 07:51:30.085 | INFO     | __main__:main:405 - Processing Q32: What is Claire Berlinski's occupation?
2026-01-05 07:51:31.131 | INFO     | __main__:main:405 - Processing Q33: What is Russell Stokes's occupation?
2026-01-05 07:51:32.871 | INFO     | __main__:main:405 - Processing Q34: What is C. E. Webber's occupation?
2026-01-05 07:51:35.250 | INFO     | __main__:main:405 - Processing Q35: What is Muhammad Ali Luqman's occupation?
2026-01-05 07:51:37.003 | INFO     | __main__:main:405 - Processing Q36: What is Ivo Perilli's occupation?
2026-01-05 07:51:38.950 | INFO     | __main__:main:405 - Processing Q37: What is Joseph Weydemeyer's occupation?
2026-01-05 07:51:41.526 | INFO     | __main__:main:405 - Processing Q38: What is Ai's occupation?
2026-01-05 07:51:43.827 | INFO     | __main__:main:405 - Processing Q39: What is Rinaldo del Mel's occupation?
2026-01-05 07:51:44.883 | INFO     | __main__:main:405 - Processing Q40: What is Annie Beustes's occupation?
2026-01-05 07:51:46.474 | INFO     | __main__:main:405 - Processing Q41: What is Elisa Bridges's occupation?
2026-01-05 07:51:47.423 | INFO     | __main__:main:405 - Processing Q42: What is Domingo Eyzaguirre's occupation?
2026-01-05 07:51:48.776 | INFO     | __main__:main:405 - Processing Q43: What is Suzanne Lilar's occupation?
2026-01-05 07:51:50.895 | INFO     | __main__:main:405 - Processing Q44: What is Karen Redman's occupation?
2026-01-05 07:51:52.772 | INFO     | __main__:main:405 - Processing Q45: What is Eduard Looijenga's occupation?
2026-01-05 07:51:53.999 | INFO     | __main__:main:405 - Processing Q46: What is Petrus Camper's occupation?
2026-01-05 07:51:57.001 | INFO     | __main__:main:405 - Processing Q47: What is Jacopo Melani's occupation?
2026-01-05 07:51:57.918 | INFO     | __main__:main:405 - Processing Q48: What is Charlotte von Hagn's occupation?
2026-01-05 07:51:58.865 | INFO     | __main__:main:405 - Processing Q49: What is Michael Hutchings's occupation?
2026-01-05 07:52:00.892 | INFO     | __main__:main:405 - Processing Q50: What is James Alex Msekela's occupation?
2026-01-05 07:52:02.492 | INFO     | __main__:main:405 - Processing Q51: What is Hiroyuki Arai's occupation?
2026-01-05 07:52:04.060 | INFO     | __main__:main:405 - Processing Q52: What is Melinda Mullins's occupation?
2026-01-05 07:52:08.046 | INFO     | __main__:main:405 - Processing Q53: What is Meyer Lutz's occupation?
2026-01-05 07:52:09.134 | INFO     | __main__:main:405 - Processing Q54: What is Ludwig Lichtschein's occupation?
2026-01-05 07:52:11.286 | INFO     | __main__:main:405 - Processing Q55: What is Władysław Sławny's occupation?
2026-01-05 07:52:14.152 | INFO     | __main__:main:405 - Processing Q56: What is Johnson's occupation?
2026-01-05 07:52:16.576 | INFO     | __main__:main:405 - Processing Q57: What is Walter Köbel's occupation?
2026-01-05 07:52:19.188 | INFO     | __main__:main:405 - Processing Q58: What is Debbie Johnson's occupation?
2026-01-05 07:52:20.879 | INFO     | __main__:main:405 - Processing Q59: What is Kekko Fornarelli's occupation?
2026-01-05 07:52:22.246 | INFO     | __main__:main:405 - Processing Q60: What is Adil Shamoo's occupation?
2026-01-05 07:52:24.807 | INFO     | __main__:main:405 - Processing Q61: What is Patrick Mulvany's occupation?
2026-01-05 07:52:27.506 | INFO     | __main__:main:405 - Processing Q62: What is Gerard Kennedy's occupation?
2026-01-05 07:52:29.403 | INFO     | __main__:main:405 - Processing Q63: What is Giora Godik's occupation?
2026-01-05 07:52:30.683 | INFO     | __main__:main:405 - Processing Q64: What is Lillian Lawrence's occupation?
2026-01-05 07:52:31.649 | INFO     | __main__:main:405 - Processing Q65: What is Philip Rosenberg's occupation?
2026-01-05 07:52:34.314 | INFO     | __main__:main:405 - Processing Q66: What is Mariana Vicente's occupation?
2026-01-05 07:52:37.005 | INFO     | __main__:main:405 - Processing Q67: What is Huntington Wilson's occupation?
2026-01-05 07:52:38.122 | INFO     | __main__:main:405 - Processing Q68: What is Bala's occupation?
2026-01-05 07:52:39.631 | INFO     | __main__:main:405 - Processing Q69: What is Steve Tom's occupation?
2026-01-05 07:52:42.668 | INFO     | __main__:main:405 - Processing Q70: What is Ilja Rosendahl's occupation?
2026-01-05 07:52:45.600 | INFO     | __main__:main:405 - Processing Q71: What is Thanasis Pafilis's occupation?
2026-01-05 07:52:47.893 | INFO     | __main__:main:405 - Processing Q72: What is Christopher Butson's occupation?
2026-01-05 07:52:49.849 | INFO     | __main__:main:405 - Processing Q73: What is Hate Man's occupation?
2026-01-05 07:52:51.847 | INFO     | __main__:main:405 - Processing Q74: What is Rich Brightman's occupation?
2026-01-05 07:52:52.848 | INFO     | __main__:main:405 - Processing Q75: What is Edward Norton's occupation?
2026-01-05 07:52:54.507 | INFO     | __main__:main:405 - Processing Q76: What is Jonathan Le Billon's occupation?
2026-01-05 07:52:55.410 | INFO     | __main__:main:405 - Processing Q77: What is Eliza Lawrence's occupation?
2026-01-05 07:52:57.244 | INFO     | __main__:main:405 - Processing Q78: What is Charles Combe's occupation?
2026-01-05 07:52:58.509 | INFO     | __main__:main:405 - Processing Q79: What is GQ's occupation?
2026-01-05 07:52:59.369 | INFO     | __main__:main:405 - Processing Q80: What is John D. Maurice's occupation?
2026-01-05 07:53:01.578 | INFO     | __main__:main:405 - Processing Q81: What is Harvey Benge's occupation?
2026-01-05 07:53:03.433 | INFO     | __main__:main:405 - Processing Q82: What is Alan Huckle's occupation?
2026-01-05 07:53:06.004 | INFO     | __main__:main:405 - Processing Q83: What is Sylwester Braun's occupation?
2026-01-05 07:53:08.227 | INFO     | __main__:main:405 - Processing Q84: What is Jack Mackenzie's occupation?
2026-01-05 07:53:11.221 | INFO     | __main__:main:405 - Processing Q85: What is Ernst Theodor Echtermeyer's occupation?
2026-01-05 07:53:15.723 | INFO     | __main__:main:405 - Processing Q86: What is Felicia Chateloin's occupation?
2026-01-05 07:53:18.526 | INFO     | __main__:main:405 - Processing Q87: What is Bedřich Feigl's occupation?
2026-01-05 07:53:20.352 | INFO     | __main__:main:405 - Processing Q88: What is Björn Böhning's occupation?
2026-01-05 07:53:22.472 | INFO     | __main__:main:405 - Processing Q89: What is Stanley Peiris's occupation?
2026-01-05 07:53:23.630 | INFO     | __main__:main:405 - Processing Q90: What is J. Da Silva's occupation?
2026-01-05 07:53:24.691 | INFO     | __main__:main:405 - Processing Q91: What is Carsten Carlsen's occupation?
2026-01-05 07:53:26.575 | INFO     | __main__:main:405 - Processing Q92: What is Shiva Nageswara Rao's occupation?
2026-01-05 07:53:27.977 | INFO     | __main__:main:405 - Processing Q93: What is Fritz Goos's occupation?
2026-01-05 07:53:29.712 | INFO     | __main__:main:405 - Processing Q94: What is Alexander Gadolin's occupation?
2026-01-05 07:53:33.049 | INFO     | __main__:main:405 - Processing Q95: What is Kamya Panjabi's occupation?
2026-01-05 07:53:34.181 | INFO     | __main__:main:405 - Processing Q96: What is John Strange's occupation?
2026-01-05 07:53:35.229 | INFO     | __main__:main:405 - Processing Q97: What is Everley Gregg's occupation?
2026-01-05 07:53:37.399 | INFO     | __main__:main:405 - Processing Q98: What is Meg McCall's occupation?
2026-01-05 07:53:39.310 | INFO     | __main__:main:405 - Processing Q99: What is Todd Verow's occupation?
2026-01-05 07:53:40.906 | INFO     | __main__:main:405 - Processing Q100: What is Kyaw Swe's occupation?
2026-01-05 07:53:42.067 | INFO     | __main__:main:405 - Processing Q101: What is Edwin H. Knopf's occupation?
2026-01-05 07:53:43.612 | INFO     | __main__:main:405 - Processing Q102: What is Tatiana Doronina's occupation?
2026-01-05 07:53:44.717 | INFO     | __main__:main:405 - Processing Q103: What is Marina Baker's occupation?
2026-01-05 07:53:47.633 | INFO     | __main__:main:405 - Processing Q104: What is Giuseppe Demachi's occupation?
2026-01-05 07:53:50.487 | INFO     | __main__:main:405 - Processing Q105: What is Atsushi Kaneko's occupation?
2026-01-05 07:53:53.354 | INFO     | __main__:main:405 - Processing Q106: What is Richard Faith's occupation?
2026-01-05 07:53:56.407 | INFO     | __main__:main:405 - Processing Q107: What is E. David Redwine's occupation?
2026-01-05 07:53:58.151 | INFO     | __main__:main:405 - Processing Q108: What is Chiara Zanni's occupation?
2026-01-05 07:54:00.745 | INFO     | __main__:main:405 - Processing Q109: What is P. J. Moloney's occupation?
2026-01-05 07:54:03.444 | INFO     | __main__:main:405 - Processing Q110: What is Andreas Rüdiger's occupation?
2026-01-05 07:54:06.971 | INFO     | __main__:main:405 - Processing Q111: What is Guillem Ramon de Gironella's occupation?
2026-01-05 07:54:08.823 | INFO     | __main__:main:405 - Processing Q112: What is Dima Grigoriev's occupation?
2026-01-05 07:54:10.971 | INFO     | __main__:main:405 - Processing Q113: What is Paddy Mullins's occupation?
2026-01-05 07:54:11.978 | INFO     | __main__:main:405 - Processing Q114: What is Alan Mauritz Swanson's occupation?
2026-01-05 07:54:14.129 | INFO     | __main__:main:405 - Processing Q115: What is Harvey William Burk's occupation?
2026-01-05 07:54:16.970 | INFO     | __main__:main:405 - Processing Q116: What is Richard Sandrak's occupation?
2026-01-05 07:54:19.525 | INFO     | __main__:main:405 - Processing Q117: What is Jim Boyd's occupation?
2026-01-05 07:54:22.032 | INFO     | __main__:main:405 - Processing Q118: What is Nosrat Karimi's occupation?
2026-01-05 07:54:24.067 | INFO     | __main__:main:405 - Processing Q119: What is Jörg A. Eggers's occupation?
2026-01-05 07:54:26.444 | INFO     | __main__:main:405 - Processing Q120: What is Duilio Forte's occupation?
2026-01-05 07:54:29.032 | INFO     | __main__:main:405 - Processing Q121: What is Giovanni Grasso's occupation?
2026-01-05 07:54:31.149 | INFO     | __main__:main:405 - Processing Q122: What is Adam Darr's occupation?
2026-01-05 07:54:32.802 | INFO     | __main__:main:405 - Processing Q123: What is Paul Lieber's occupation?
2026-01-05 07:54:36.261 | INFO     | __main__:main:405 - Processing Q124: What is Keiko Aizawa's occupation?
2026-01-05 07:54:41.080 | INFO     | __main__:main:405 - Processing Q125: What is Petros Efthymiou's occupation?
2026-01-05 07:54:43.037 | INFO     | __main__:main:405 - Processing Q126: What is Isobel Pravda's occupation?
2026-01-05 07:54:44.110 | INFO     | __main__:main:405 - Processing Q127: What is Seungri's occupation?
2026-01-05 07:54:46.003 | INFO     | __main__:main:405 - Processing Q128: What is DM Sevilla's occupation?
2026-01-05 07:54:47.497 | INFO     | __main__:main:405 - Processing Q129: What is Carlo Giustini's occupation?
2026-01-05 07:54:51.156 | INFO     | __main__:main:405 - Processing Q130: What is Hugo Becker's occupation?
2026-01-05 07:54:52.670 | INFO     | __main__:main:405 - Processing Q131: What is Per Risvik's occupation?
2026-01-05 07:54:54.735 | INFO     | __main__:main:405 - Processing Q132: What is Eleanor Yule's occupation?
2026-01-05 07:54:56.518 | INFO     | __main__:main:405 - Processing Q133: What is Claire Adams's occupation?
2026-01-05 07:54:58.997 | INFO     | __main__:main:405 - Processing Q134: What is Lothrop Stoddard's occupation?
2026-01-05 07:55:01.150 | INFO     | __main__:main:405 - Processing Q135: What is Chris Lang's occupation?
2026-01-05 07:55:03.253 | INFO     | __main__:main:405 - Processing Q136: What is Pamela Winslow's occupation?
2026-01-05 07:55:05.951 | INFO     | __main__:main:405 - Processing Q137: What is Zoran Rankić's occupation?
2026-01-05 07:55:08.790 | INFO     | __main__:main:405 - Processing Q138: What is George Minor's occupation?
2026-01-05 07:55:10.806 | INFO     | __main__:main:405 - Processing Q139: What is Anjali Sudhakar's occupation?
2026-01-05 07:55:13.123 | INFO     | __main__:main:405 - Processing Q140: What is Jean Gabriel Marie's occupation?
2026-01-05 07:55:15.818 | INFO     | __main__:main:405 - Processing Q141: What is George Birnie Esslemont's occupation?
2026-01-05 07:55:19.179 | INFO     | __main__:main:405 - Processing Q142: What is Ajay Kumar Parida's occupation?
2026-01-05 07:55:20.265 | INFO     | __main__:main:405 - Processing Q143: What is A. Lawrence Kocher's occupation?
2026-01-05 07:55:23.226 | INFO     | __main__:main:405 - Processing Q144: What is John Andrew Martin's occupation?
2026-01-05 07:55:25.188 | INFO     | __main__:main:405 - Processing Q145: What is Maurice Le Boucher's occupation?
2026-01-05 07:55:28.046 | INFO     | __main__:main:405 - Processing Q146: What is Martin Shapiro's occupation?
2026-01-05 07:55:30.819 | INFO     | __main__:main:405 - Processing Q147: What is Lewis J. Rachmil's occupation?
2026-01-05 07:55:33.064 | INFO     | __main__:main:405 - Processing Q148: What is René Bégin's occupation?
2026-01-05 07:55:36.075 | INFO     | __main__:main:405 - Processing Q149: What is Louis O'Dea's occupation?
2026-01-05 07:55:38.172 | INFO     | __main__:main:405 - Processing Q150: What is Guo Gengmao's occupation?
2026-01-05 07:55:40.108 | INFO     | __main__:main:405 - Processing Q151: What is Jacques Monasch's occupation?
2026-01-05 07:55:42.297 | INFO     | __main__:main:405 - Processing Q152: What is Robert Antoine's occupation?
2026-01-05 07:55:44.888 | INFO     | __main__:main:405 - Processing Q153: What is Howard Fowles's occupation?
2026-01-05 07:55:47.208 | INFO     | __main__:main:405 - Processing Q154: What is Đurđa Ivezić's occupation?
2026-01-05 07:55:50.191 | INFO     | __main__:main:405 - Processing Q155: What is Jeet Ganguly's occupation?
2026-01-05 07:55:51.763 | INFO     | __main__:main:405 - Processing Q156: What is Akimasa Nakamura's occupation?
2026-01-05 07:55:54.537 | INFO     | __main__:main:405 - Processing Q157: What is Jean-Marie-Victor Viel's occupation?
2026-01-05 07:55:57.150 | INFO     | __main__:main:405 - Processing Q158: What is Eckart von Hirschhausen's occupation?
2026-01-05 07:55:59.721 | INFO     | __main__:main:405 - Processing Q159: What is Val McLane's occupation?
2026-01-05 07:56:01.743 | INFO     | __main__:main:405 - Processing Q160: What is Edwin N. Hubbell's occupation?
2026-01-05 07:56:03.574 | INFO     | __main__:main:405 - Processing Q161: What is Mariví Bilbao's occupation?
2026-01-05 07:56:05.721 | INFO     | __main__:main:405 - Processing Q162: What is Dick Rude's occupation?
2026-01-05 07:56:06.445 | INFO     | __main__:main:405 - Processing Q163: What is Harding of Bristol's occupation?
2026-01-05 07:56:08.726 | INFO     | __main__:main:405 - Processing Q164: What is Gina Krog's occupation?
2026-01-05 07:56:11.657 | INFO     | __main__:main:405 - Processing Q165: What is Petr Mlsna's occupation?
2026-01-05 07:56:13.681 | INFO     | __main__:main:405 - Processing Q166: What is Neville Ashenheim's occupation?
2026-01-05 07:56:16.286 | INFO     | __main__:main:405 - Processing Q167: What is Lorena Corona Valdés's occupation?
2026-01-05 07:56:17.349 | INFO     | __main__:main:405 - Processing Q168: What is Honor Harger's occupation?
2026-01-05 07:56:20.044 | INFO     | __main__:main:405 - Processing Q169: What is Clement Baker's occupation?
2026-01-05 07:56:23.383 | INFO     | __main__:main:405 - Processing Q170: What is Alleppey Vincent's occupation?
2026-01-05 07:56:26.457 | INFO     | __main__:main:405 - Processing Q171: In what city was Belarmino Mario Chipongue born?
2026-01-05 07:56:28.391 | INFO     | __main__:main:405 - Processing Q172: In what city was Raju Kaji Shakya born?
2026-01-05 07:56:30.491 | INFO     | __main__:main:405 - Processing Q173: In what city was Alastair Heathcote born?
2026-01-05 07:56:33.034 | INFO     | __main__:main:405 - Processing Q174: In what city was William Marshall Craig born?
2026-01-05 07:56:35.482 | INFO     | __main__:main:405 - Processing Q175: In what city was Philipp Crone born?
2026-01-05 07:56:37.074 | INFO     | __main__:main:405 - Processing Q176: In what city was Danie Mellor born?
2026-01-05 07:56:38.181 | INFO     | __main__:main:405 - Processing Q177: In what city was Endre Bálint born?
2026-01-05 07:56:40.804 | INFO     | __main__:main:405 - Processing Q178: In what city was Aleksandr Nekrasov born?
2026-01-05 07:56:42.550 | INFO     | __main__:main:405 - Processing Q179: In what city was Charles Joseph Bonaparte born?
2026-01-05 07:56:43.516 | INFO     | __main__:main:405 - Processing Q180: In what city was Louis François Antoine Arbogast born?
2026-01-05 07:56:44.823 | INFO     | __main__:main:405 - Processing Q181: In what city was Austin Cuvillier born?
2026-01-05 07:56:46.147 | INFO     | __main__:main:405 - Processing Q182: In what city was Bert Myers born?
2026-01-05 07:56:48.344 | INFO     | __main__:main:405 - Processing Q183: In what city was Scott Fraser born?
2026-01-05 07:56:49.195 | INFO     | __main__:main:405 - Processing Q184: In what city was Giuseppe Castelli born?
2026-01-05 07:56:51.564 | INFO     | __main__:main:405 - Processing Q185: In what city was Jacob Duck born?
2026-01-05 07:56:53.801 | INFO     | __main__:main:405 - Processing Q186: In what city was Parnelli Jones born?
2026-01-05 07:56:54.984 | INFO     | __main__:main:405 - Processing Q187: In what city was Fernand Cornez born?
2026-01-05 07:56:57.582 | INFO     | __main__:main:405 - Processing Q188: In what city was Yinka Ayenuwa born?
2026-01-05 07:57:00.128 | INFO     | __main__:main:405 - Processing Q189: In what city was Phil Williams born?
2026-01-05 07:57:01.794 | INFO     | __main__:main:405 - Processing Q190: In what city was James M. Bingham born?
2026-01-05 07:57:03.325 | INFO     | __main__:main:405 - Processing Q191: In what city was Jack Kachkar born?
2026-01-05 07:57:04.358 | INFO     | __main__:main:405 - Processing Q192: In what city was Gustavo Grondona born?
2026-01-05 07:57:06.708 | INFO     | __main__:main:405 - Processing Q193: In what city was Bastien Lecouffe-Deharme born?
2026-01-05 07:57:07.957 | INFO     | __main__:main:405 - Processing Q194: In what city was Betty Francisco born?
2026-01-05 07:57:10.266 | INFO     | __main__:main:405 - Processing Q195: In what city was Hans-Jörg Voigt born?
2026-01-05 07:57:11.466 | INFO     | __main__:main:405 - Processing Q196: In what city was Charlie Davis born?
2026-01-05 07:57:13.673 | INFO     | __main__:main:405 - Processing Q197: In what city was Marnus Labuschagne born?
2026-01-05 07:57:15.022 | INFO     | __main__:main:405 - Processing Q198: In what city was Leslie Douglas Jackson born?
2026-01-05 07:57:15.942 | INFO     | __main__:main:405 - Processing Q199: In what city was Ricardo Maliandi born?
2026-01-05 07:57:17.067 | INFO     | __main__:main:478 - Finished. Results saved to result_relrag/e1_main_qwen/run_20251225_063718/mirage_sample_200/relrag_full/llm_default/budget_4096/fix_full
